Archive member included to satisfy reference by file (symbol)

C:/Program Files/SEGGER/SEGGER Embedded Studio 8.24/lib/libc_v7em_fpv4_sp_d16_hard_t_le_eabi_balanced.a(prinops.o)
                              Output/Debug/Obj/gpiote_pca10056/main.o (snprintf)
C:/Program Files/SEGGER/SEGGER Embedded Studio 8.24/lib/libc_v7em_fpv4_sp_d16_hard_t_le_eabi_balanced.a(__SEGGER_RTL_vfprintf_long.o)
                              (__SEGGER_RTL_vfprintf_long)
C:/Program Files/SEGGER/SEGGER Embedded Studio 8.24/lib/libc_v7em_fpv4_sp_d16_hard_t_le_eabi_balanced.a(__SEGGER_RTL_vfscanf_long.o)
                              (__SEGGER_RTL_vfscanf_long)
C:/Program Files/SEGGER/SEGGER Embedded Studio 8.24/lib/libc_v7em_fpv4_sp_d16_hard_t_le_eabi_balanced.a(fileops.o)
                              C:/Program Files/SEGGER/SEGGER Embedded Studio 8.24/lib/libc_v7em_fpv4_sp_d16_hard_t_le_eabi_balanced.a(prinops.o) (fwrite)
C:/Program Files/SEGGER/SEGGER Embedded Studio 8.24/lib/libc_v7em_fpv4_sp_d16_hard_t_le_eabi_balanced.a(utilops.o)
                              C:/Program Files/SEGGER/SEGGER Embedded Studio 8.24/lib/libc_v7em_fpv4_sp_d16_hard_t_le_eabi_balanced.a(__SEGGER_RTL_vfscanf_long.o) (__SEGGER_RTL_digit)
C:/Program Files/SEGGER/SEGGER Embedded Studio 8.24/lib/libc_v7em_fpv4_sp_d16_hard_t_le_eabi_balanced.a(floatasmops_arm.o)
                              C:/Program Files/SEGGER/SEGGER Embedded Studio 8.24/lib/libc_v7em_fpv4_sp_d16_hard_t_le_eabi_balanced.a(utilops.o) (__aeabi_dmul)
C:/Program Files/SEGGER/SEGGER Embedded Studio 8.24/lib/libc_v7em_fpv4_sp_d16_hard_t_le_eabi_balanced.a(intasmops_arm.o)
                              C:/Program Files/SEGGER/SEGGER Embedded Studio 8.24/lib/libc_v7em_fpv4_sp_d16_hard_t_le_eabi_balanced.a(__SEGGER_RTL_vfprintf_long.o) (__aeabi_uldivmod)
C:/Program Files/SEGGER/SEGGER Embedded Studio 8.24/lib/libc_v7em_fpv4_sp_d16_hard_t_le_eabi_balanced.a(errno.o)
                              C:/Program Files/SEGGER/SEGGER Embedded Studio 8.24/lib/libc_v7em_fpv4_sp_d16_hard_t_le_eabi_balanced.a(fileops.o) (__aeabi_errno_addr)
C:/Program Files/SEGGER/SEGGER Embedded Studio 8.24/lib/heapops_basic_v7em_fpv4_sp_d16_hard_t_le_eabi_balanced.a(heapops_basic.o)
                              Output/Debug/Obj/gpiote_pca10056/thumb_crt0.o (__SEGGER_RTL_init_heap)
C:/Program Files/SEGGER/SEGGER Embedded Studio 8.24/lib/heapops_disable_interrupts_locking_v7em_fpv4_sp_d16_hard_t_le_eabi_balanced.a(heapops.o)
                              C:/Program Files/SEGGER/SEGGER Embedded Studio 8.24/lib/libc_v7em_fpv4_sp_d16_hard_t_le_eabi_balanced.a(prinops.o) (free)
C:/Program Files/SEGGER/SEGGER Embedded Studio 8.24/lib/strops_unaligned_v7em_fpv4_sp_d16_hard_t_le_eabi_balanced.a(strops.o)
                              Output/Debug/Obj/gpiote_pca10056/nrf_fprintf_format.o (strlen)
C:/Program Files/SEGGER/SEGGER Embedded Studio 8.24/lib/strops_unaligned_v7em_fpv4_sp_d16_hard_t_le_eabi_balanced.a(strasmops_arm.o)
                              C:/Program Files/SEGGER/SEGGER Embedded Studio 8.24/lib/strops_unaligned_v7em_fpv4_sp_d16_hard_t_le_eabi_balanced.a(strops.o) (strcmp)
C:/Program Files/SEGGER/SEGGER Embedded Studio 8.24/lib/mbops_timeops_v7em_fpv4_sp_d16_hard_t_le_eabi_balanced.a(mbops.o)
                              C:/Program Files/SEGGER/SEGGER Embedded Studio 8.24/lib/libc_v7em_fpv4_sp_d16_hard_t_le_eabi_balanced.a(prinops.o) (__SEGGER_RTL_current_locale)
C:/Program Files/SEGGER/SEGGER Embedded Studio 8.24/lib/mbops_timeops_v7em_fpv4_sp_d16_hard_t_le_eabi_balanced.a(timeops.o)
                              C:/Program Files/SEGGER/SEGGER Embedded Studio 8.24/lib/mbops_timeops_v7em_fpv4_sp_d16_hard_t_le_eabi_balanced.a(mbops.o) (__SEGGER_RTL_string_list_encode)
C:/Program Files/SEGGER/SEGGER Embedded Studio 8.24/lib/libc_v7em_fpv4_sp_d16_hard_t_le_eabi_balanced.a(execops.o)
                              C:/Program Files/SEGGER/SEGGER Embedded Studio 8.24/lib/strops_unaligned_v7em_fpv4_sp_d16_hard_t_le_eabi_balanced.a(strops.o) (__SEGGER_RTL_constraint_violation)
C:/Program Files/SEGGER/SEGGER Embedded Studio 8.24/lib/libc_v7em_fpv4_sp_d16_hard_t_le_eabi_balanced.a(execops_arm.o)
                              C:/Program Files/SEGGER/SEGGER Embedded Studio 8.24/lib/libc_v7em_fpv4_sp_d16_hard_t_le_eabi_balanced.a(execops.o) (__aeabi_SIGABRT)
C:/Program Files/SEGGER/SEGGER Embedded Studio 8.24/lib/libc_v7em_fpv4_sp_d16_hard_t_le_eabi_balanced.a(intops.o)
                              C:/Program Files/SEGGER/SEGGER Embedded Studio 8.24/lib/mbops_timeops_v7em_fpv4_sp_d16_hard_t_le_eabi_balanced.a(timeops.o) (div)
C:/Program Files/SEGGER/SEGGER Embedded Studio 8.24/lib/libc_v7em_fpv4_sp_d16_hard_t_le_eabi_balanced.a(sortops.o)
                              C:/Program Files/SEGGER/SEGGER Embedded Studio 8.24/lib/mbops_timeops_v7em_fpv4_sp_d16_hard_t_le_eabi_balanced.a(mbops.o) (bsearch)
C:/Program Files/SEGGER/SEGGER Embedded Studio 8.24/lib/libc_v7em_fpv4_sp_d16_hard_t_le_eabi_balanced.a(convops.o)
[...]
Memory Configuration

Name             Origin             Length             Attributes
UNPLACED_SECTIONS 0x00000000         0x00000000         xw
RAM1             0x20000000         0x00040000         xw
FLASH1           0x00000000         0x00100000         xw
*default*        0x00000000         0xffffffff

Linker script and memory map

                0x20000000                        __RAM1_segment_start__ = 0x20000000
                0x20040000                        __RAM1_segment_end__ = 0x20040000
                0x00040000                        __RAM1_segment_size__ = 0x40000
                0x00000000                        __FLASH1_segment_start__ = 0x0
                0x00100000                        __FLASH1_segment_end__ = 0x100000
                0x00100000                        __FLASH1_segment_size__ = 0x100000
                0x00002000                        __HEAPSIZE__ = 0x2000
                0x00002300                        __SEGGER_RTL_vfprintf = __SEGGER_RTL_vfprintf_long
                0x00000000                        __SEGGER_RTL_vfscanf = __SEGGER_RTL_vfscanf_long
                0x00000000                        __STACKSIZE_PROCESS__ = 0x0
                0x00002000                        __STACKSIZE__ = 0x2000
                0x20000000                        __vectors_ram_load_start__ = 0x20000000

.vectors_ram    0x20000000        0x0
                0x20000000                        __vectors_ram_start__ = .
                0x20000000                        __app_ram_start__ = __vectors_ram_start__
 *(.vectors_ram .vectors_ram.*)
                0x20000000                        __vectors_ram_end__ = (__vectors_ram_start__ + SIZEOF (.vectors_ram))
                0x00000000                        __vectors_ram_size__ = SIZEOF (.vectors_ram)
                0x20000000                        __vectors_ram_load_end__ = __vectors_ram_end__
                0x00000001                        . = ASSERT (((__vectors_ram_start__ == __vectors_ram_end__) || ((__vectors_ram_end__ - __RAM1_segment_start__) <= __RAM1_segment_size__)), error: .vectors_ram is too large to fit in RAM1 memory segment)
                0x20000000                        __nrf_sections_run_load_start__ = ALIGN (__vectors_ram_end__, 0x4)

.nrf_sections_run
                0x20000000        0x0
                0x20000000                        __nrf_sections_run_start__ = .
                0x20000000                        __start_nrf_sections_run = __nrf_sections_run_start__
 *(.nrf_sections_run .nrf_sections_run.*)
                0x20000000                        __nrf_sections_run_end__ = (__nrf_sections_run_start__ + SIZEOF (.nrf_sections_run))
                0x00000000                        __nrf_sections_run_size__ = SIZEOF (.nrf_sections_run)
                0x20000000                        __nrf_sections_run_load_end__ = __nrf_sections_run_end__
                0x00000001                        . = ASSERT (((__nrf_sections_run_start__ == __nrf_sections_run_end__) || ((__nrf_sections_run_end__ - __RAM1_segment_start__) <= __RAM1_segment_size__)), error: .nrf_sections_run is too large to fit in RAM1 memory segment)
                0x00000000                        __vectors_load_start__ = 0x0

.vectors        0x00000000      0x200
                0x00000000                        __vectors_start__ = .
 *(.vectors .vectors.*)
 .vectors       0x00000000      0x200 Output/Debug/Obj/gpiote_pca10056/ses_startup_nrf52840.o
                0x00000000                _vectors
                0x00000200                        __vectors_end__ = (__vectors_start__ + SIZEOF (.vectors))
                0x00000200                        __vectors_size__ = SIZEOF (.vectors)
                0x00000200                        __vectors_load_end__ = __vectors_end__
                0x00000001                        . = ASSERT (((__vectors_start__ == __vectors_end__) || ((__vectors_end__ - __FLASH1_segment_start__) <= __FLASH1_segment_size__)), error: .vectors is too large to fit in FLASH1 memory segment)
                0x00000200                        __init_load_start__ = ALIGN (__vectors_end__, 0x4)

.init           0x00000200      0x1e0
                0x00000200                        __init_start__ = .
 *(.init .init.*)
 .init          0x00000200       0x18 Output/Debug/Obj/gpiote_pca10056/ses_startup_nrf52840.o
                0x00000200                NMI_Handler
                0x00000202                HardFault_Handler
                0x00000204                MemoryManagement_Handler
                0x00000206                BusFault_Handler
                0x00000208                UsageFault_Handler
                0x0000020a                SVC_Handler
                0x0000020c                DebugMon_Handler
                0x0000020e                PendSV_Handler
                0x00000210                SysTick_Handler
                0x00000212                PWM1_IRQHandler
                0x00000212                RTC0_IRQHandler
                0x00000212                RADIO_IRQHandler
                0x00000212                PDM_IRQHandler
                0x00000212                TEMP_IRQHandler
                0x00000212                QDEC_IRQHandler
                0x00000212                TIMER3_IRQHandler
                0x00000212                PWM3_IRQHandler
                0x00000212                FPU_IRQHandler
                0x00000212                USBD_IRQHandler
                0x00000212                SPIM0_SPIS0_TWIM0_TWIS0_SPI0_TWI0_IRQHandler
                0x00000212                QSPI_IRQHandler
                0x00000212                UARTE0_UART0_IRQHandler
                0x00000212                TIMER4_IRQHandler
                0x00000212                SWI2_EGU2_IRQHandler
                0x00000212                I2S_IRQHandler
                0x00000212                SWI4_EGU4_IRQHandler
                0x00000212                UARTE1_IRQHandler
                0x00000212                Dummy_Handler
                0x00000212                TIMER1_IRQHandler
                0x00000212                SPIM3_IRQHandler
                0x00000212                PWM2_IRQHandler
                0x00000212                ECB_IRQHandler
                0x00000212                SPIM1_SPIS1_TWIM1_TWIS1_SPI1_TWI1_IRQHandler
                0x00000212                CCM_AAR_IRQHandler
                0x00000212                WDT_IRQHandler
                0x00000212                SWI0_EGU0_IRQHandler
                0x00000212                SWI5_EGU5_IRQHandler
                0x00000212                RNG_IRQHandler
                0x00000212                RTC2_IRQHandler
                0x00000212                PWM0_IRQHandler
                0x00000212                SWI3_EGU3_IRQHandler
                0x00000212                RTC1_IRQHandler
                0x00000212                SWI1_EGU1_IRQHandler
                0x00000212                SPIM2_SPIS2_SPI2_IRQHandler
                0x00000212                NFCT_IRQHandler
                0x00000212                CRYPTOCELL_IRQHandler
                0x00000212                MWU_IRQHandler
                0x00000212                TIMER2_IRQHandler
                0x00000212                COMP_LPCOMP_IRQHandler
                0x00000214                nRFInitialize
 .init          0x00000218       0x5c Output/Debug/Obj/gpiote_pca10056/ses_startup_nrf_common.o
                0x00000218                Reset_Handler
                0x0000021c                afterInitialize
                0x00000240                InitializeUserMemorySections
 .init          0x00000274      0x16c Output/Debug/Obj/gpiote_pca10056/thumb_crt0.o
                0x00000274                _start
                0x0000031c                exit
                0x0000031c                _Exit
                0x000003e0                        __init_end__ = (__init_start__ + SIZEOF (.init))
                0x000001e0                        __init_size__ = SIZEOF (.init)
                0x000003e0                        __init_load_end__ = __init_end__
                0x00000001                        . = ASSERT (((__init_start__ == __init_end__) || ((__init_end__ - __FLASH1_segment_start__) <= __FLASH1_segment_size__)), error: .init is too large to fit in FLASH1 memory segment)
                0x000003e0                        __init_rodata_load_start__ = ALIGN (__init_end__, 0x4)

.init_rodata    0x000003e0        0x0
                0x000003e0                        __init_rodata_start__ = .
 *(.init_rodata .init_rodata.*)
                0x000003e0                        __init_rodata_end__ = (__init_rodata_start__ + SIZEOF (.init_rodata))
                0x00000000                        __init_rodata_size__ = SIZEOF (.init_rodata)
                0x000003e0                        __init_rodata_load_end__ = __init_rodata_end__
                0x00000001                        . = ASSERT (((__init_rodata_start__ == __init_rodata_end__) || ((__init_rodata_end__ - __FLASH1_segment_start__) <= __FLASH1_segment_size__)), error: .init_rodata is too large to fit in FLASH1 memory segment)
                0x000003e0                        __text_load_start__ = ALIGN (__init_rodata_end__, 0x4)

.text           0x000003e0     0x278c
                0x000003e0                        __text_start__ = .
 *(.text .text.* .gnu.linkonce.t.* .glue_7t .glue_7 .gcc_except_table .ARM.extab* .gnu.linkonce.armextab.*)
 .glue_7        0x000003e0        0x0 linker stubs
 .glue_7t       0x000003e0        0x0 linker stubs
 .text.nrfx_coredep_delay_us
                0x000003e0       0x30 Output/Debug/Obj/gpiote_pca10056/main.o
 .text.nrf_gpio_pin_port_decode
                0x00000410       0x4c Output/Debug/Obj/gpiote_pca10056/main.o
 .text.nrf_gpio_cfg
                0x0000045c       0x62 Output/Debug/Obj/gpiote_pca10056/main.o
 .text.nrf_gpio_cfg_output
                0x000004be       0x22 Output/Debug/Obj/gpiote_pca10056/main.o
 .text.nrf_gpio_cfg_input
                0x000004e0       0x2a Output/Debug/Obj/gpiote_pca10056/main.o
 .text.nrf_gpio_pin_set
                0x0000050a       0x28 Output/Debug/Obj/gpiote_pca10056/main.o
 .text.nrf_gpio_pin_clear
                0x00000532       0x28 Output/Debug/Obj/gpiote_pca10056/main.o
 .text.nrf_gpio_port_out_set
                0x0000055a       0x14 Output/Debug/Obj/gpiote_pca10056/main.o
 .text.nrf_gpio_port_out_clear
                0x0000056e       0x14 Output/Debug/Obj/gpiote_pca10056/main.o
 .text.nrf_gpio_pin_present_check
                0x00000582       0x48 Output/Debug/Obj/gpiote_pca10056/main.o
 .text.nrf_delay_ms
                0x000005ca       0x2a Output/Debug/Obj/gpiote_pca10056/main.o
 .text.nrf_drv_saadc_init
                0x000005f4       0x28 Output/Debug/Obj/gpiote_pca10056/main.o
 .text.saadc_callback
                0x0000061c       0x34 Output/Debug/Obj/gpiote_pca10056/main.o
                0x0000061c                saadc_callback
 .text.saadc_init
                0x00000650       0x48 Output/Debug/Obj/gpiote_pca10056/main.o
                0x00000650                saadc_init
 .text.read_adc
                0x00000698       0x1c Output/Debug/Obj/gpiote_pca10056/main.o
 .text.measure_capacitance
                0x000006b4       0xc4 Output/Debug/Obj/gpiote_pca10056/main.o
                0x000006b4                measure_capacitance
 .text.main     0x00000778       0x24 Output/Debug/Obj/gpiote_pca10056/main.o
                0x00000778                main
 .text.__NVIC_SystemReset
                0x0000079c       0x28 Output/Debug/Obj/gpiote_pca10056/system_nrf52840.o
 .text.nrf52_errata_36
                0x000007c4       0x64 Output/Debug/Obj/gpiote_pca10056/system_nrf52840.o
 .text.nrf52_errata_66
                0x00000828       0x64 Output/Debug/Obj/gpiote_pca10056/system_nrf52840.o
 .text.nrf52_errata_98
                0x0000088c       0x64 Output/Debug/Obj/gpiote_pca10056/system_nrf52840.o
 .text.nrf52_errata_103
                0x000008f0       0x64 Output/Debug/Obj/gpiote_pca10056/system_nrf52840.o
 .text.nrf52_errata_115
                0x00000954       0x64 Output/Debug/Obj/gpiote_pca10056/system_nrf52840.o
 .text.nrf52_errata_120
                0x000009b8       0x64 Output/Debug/Obj/gpiote_pca10056/system_nrf52840.o
 .text.nrf52_errata_136
                0x00000a1c       0x64 Output/Debug/Obj/gpiote_pca10056/system_nrf52840.o
 .text.nrf52_errata_249
                0x00000a80       0x64 Output/Debug/Obj/gpiote_pca10056/system_nrf52840.o
 .text.nrf52_handle_approtect
                0x00000ae4       0x20 Output/Debug/Obj/gpiote_pca10056/system_nrf52840.o
 .text.nvmc_wait
                0x00000b04       0x18 Output/Debug/Obj/gpiote_pca10056/system_nrf52840.o
                0x00000b04                nvmc_wait
 .text.nvmc_config
                0x00000b1c       0x20 Output/Debug/Obj/gpiote_pca10056/system_nrf52840.o
                0x00000b1c                nvmc_config
 .text.SystemCoreClockUpdate
                0x00000b3c       0x14 Output/Debug/Obj/gpiote_pca10056/system_nrf52840.o
                0x00000b3c                SystemCoreClockUpdate
 .text.SystemInit
                0x00000b50      0x228 Output/Debug/Obj/gpiote_pca10056/system_nrf52840.o
                0x00000b50                SystemInit
 .text.nrf_clock_int_disable
                0x00000d78       0x14 Output/Debug/Obj/gpiote_pca10056/nrfx_clock.o
 .text.nrf_clock_event_clear
                0x00000d8c       0x28 Output/Debug/Obj/gpiote_pca10056/nrfx_clock.o
 .text.nrf_clock_event_check
                0x00000db4       0x22 Output/Debug/Obj/gpiote_pca10056/nrfx_clock.o
 *fill*         0x00000dd6        0x2 
 .text.POWER_CLOCK_IRQHandler
                0x00000dd8       0x68 Output/Debug/Obj/gpiote_pca10056/nrfx_clock.o
                0x00000dd8                POWER_CLOCK_IRQHandler
 .text.nrf_gpiote_event_is_set
                0x00000e40       0x2a Output/Debug/Obj/gpiote_pca10056/nrfx_gpiote.o
 .text.nrf_gpiote_event_clear
                0x00000e6a       0x36 Output/Debug/Obj/gpiote_pca10056/nrfx_gpiote.o
 .text.nrf_gpiote_event_addr_get
                0x00000ea0       0x1a Output/Debug/Obj/gpiote_pca10056/nrfx_gpiote.o
 *fill*         0x00000eba        0x2 
 .text.nrf_gpiote_int_is_enabled
                0x00000ebc       0x18 Output/Debug/Obj/gpiote_pca10056/nrfx_gpiote.o
 .text.nrf_gpiote_event_pin_get
                0x00000ed4       0x20 Output/Debug/Obj/gpiote_pca10056/nrfx_gpiote.o
 .text.nrf_gpiote_event_polarity_get
                0x00000ef4       0x24 Output/Debug/Obj/gpiote_pca10056/nrfx_gpiote.o
 .text.nrf_gpio_pin_port_decode
                0x00000f18       0x4c Output/Debug/Obj/gpiote_pca10056/nrfx_gpiote.o
 .text.nrf_gpio_cfg_sense_set
                0x00000f64       0x5a Output/Debug/Obj/gpiote_pca10056/nrfx_gpiote.o
 .text.nrf_gpio_pin_sense_get
                0x00000fbe       0x2c Output/Debug/Obj/gpiote_pca10056/nrfx_gpiote.o
 *fill*         0x00000fea        0x2 
 .text.nrf_gpio_latches_read_and_clear
                0x00000fec       0x68 Output/Debug/Obj/gpiote_pca10056/nrfx_gpiote.o
 .text.nrf_gpio_pin_latch_clear
                0x00001054       0x28 Output/Debug/Obj/gpiote_pca10056/nrfx_gpiote.o
 .text.nrf_gpio_pin_present_check
                0x0000107c       0x48 Output/Debug/Obj/gpiote_pca10056/nrfx_gpiote.o
 .text.nrf_bitmask_bit_is_set
                0x000010c4       0x30 Output/Debug/Obj/gpiote_pca10056/nrfx_gpiote.o
 .text.channel_port_get
                0x000010f4       0x1c Output/Debug/Obj/gpiote_pca10056/nrfx_gpiote.o
 .text.channel_handler_get
                0x00001110       0x18 Output/Debug/Obj/gpiote_pca10056/nrfx_gpiote.o
 .text.port_handler_pin_get
                0x00001128       0x28 Output/Debug/Obj/gpiote_pca10056/nrfx_gpiote.o
 .text.port_handler_polarity_get
                0x00001150       0x28 Output/Debug/Obj/gpiote_pca10056/nrfx_gpiote.o
 .text.latch_pending_read_and_check
                0x00001178       0x3e Output/Debug/Obj/gpiote_pca10056/nrfx_gpiote.o
 *fill*         0x000011b6        0x2 
 .text.port_event_handle
                0x000011b8       0xe4 Output/Debug/Obj/gpiote_pca10056/nrfx_gpiote.o
 .text.GPIOTE_IRQHandler
                0x0000129c      0x108 Output/Debug/Obj/gpiote_pca10056/nrfx_gpiote.o
                0x0000129c                GPIOTE_IRQHandler
 .text.__NVIC_EnableIRQ
                0x000013a4       0x34 Output/Debug/Obj/gpiote_pca10056/nrfx_saadc.o
 .text.__NVIC_SetPriority
                0x000013d8       0x50 Output/Debug/Obj/gpiote_pca10056/nrfx_saadc.o
 .text._NRFX_IRQ_PRIORITY_SET
                0x00001428       0x40 Output/Debug/Obj/gpiote_pca10056/nrfx_saadc.o
 .text._NRFX_IRQ_ENABLE
                0x00001468       0x1c Output/Debug/Obj/gpiote_pca10056/nrfx_saadc.o
 .text.nrf_saadc_task_trigger
                0x00001484       0x1e Output/Debug/Obj/gpiote_pca10056/nrfx_saadc.o
 .text.nrf_saadc_event_check
                0x000014a2       0x26 Output/Debug/Obj/gpiote_pca10056/nrfx_saadc.o
 .text.nrf_saadc_event_clear
                0x000014c8       0x30 Output/Debug/Obj/gpiote_pca10056/nrfx_saadc.o
 .text.nrf_saadc_channel_input_set
                0x000014f8       0x44 Output/Debug/Obj/gpiote_pca10056/nrfx_saadc.o
 .text.nrf_saadc_int_enable
                0x0000153c       0x18 Output/Debug/Obj/gpiote_pca10056/nrfx_saadc.o
 .text.nrf_saadc_int_disable
                0x00001554       0x18 Output/Debug/Obj/gpiote_pca10056/nrfx_saadc.o
 .text.nrf_saadc_enable
                0x0000156c       0x10 Output/Debug/Obj/gpiote_pca10056/nrfx_saadc.o
 .text.nrf_saadc_buffer_init
                0x0000157c       0x20 Output/Debug/Obj/gpiote_pca10056/nrfx_saadc.o
 .text.nrf_saadc_resolution_set
                0x0000159c       0x1c Output/Debug/Obj/gpiote_pca10056/nrfx_saadc.o
 .text.nrf_saadc_oversample_set
                0x000015b8       0x1c Output/Debug/Obj/gpiote_pca10056/nrfx_saadc.o
 .text.nrf_saadc_oversample_get
                0x000015d4       0x10 Output/Debug/Obj/gpiote_pca10056/nrfx_saadc.o
 .text.nrf_saadc_channel_init
                0x000015e4       0x8c Output/Debug/Obj/gpiote_pca10056/nrfx_saadc.o
 .text.SAADC_IRQHandler
                0x00001670      0x258 Output/Debug/Obj/gpiote_pca10056/nrfx_saadc.o
                0x00001670                SAADC_IRQHandler
 .text.nrfx_saadc_init
                0x000018c8       0xe0 Output/Debug/Obj/gpiote_pca10056/nrfx_saadc.o
                0x000018c8                nrfx_saadc_init
 .text.nrfx_saadc_channel_init
                0x000019a8       0xfc Output/Debug/Obj/gpiote_pca10056/nrfx_saadc.o
                0x000019a8                nrfx_saadc_channel_init
 .text.nrfx_saadc_buffer_convert
                0x00001aa4      0x148 Output/Debug/Obj/gpiote_pca10056/nrfx_saadc.o
                0x00001aa4                nrfx_saadc_buffer_convert
 .text.nrfx_saadc_sample
                0x00001bec       0x58 Output/Debug/Obj/gpiote_pca10056/nrfx_saadc.o
                0x00001bec                nrfx_saadc_sample
 .text.nrf_timer_event_clear
                0x00001c44       0x2a Output/Debug/Obj/gpiote_pca10056/nrfx_timer.o
 .text.nrf_timer_event_check
                0x00001c6e       0x24 Output/Debug/Obj/gpiote_pca10056/nrfx_timer.o
 .text.nrf_timer_int_enable_check
                0x00001c92       0x20 Output/Debug/Obj/gpiote_pca10056/nrfx_timer.o
 .text.nrf_timer_compare_event_get
                0x00001cb2       0x14 Output/Debug/Obj/gpiote_pca10056/nrfx_timer.o
 .text.nrf_timer_compare_int_get
                0x00001cc6       0x14 Output/Debug/Obj/gpiote_pca10056/nrfx_timer.o
 .text.irq_handler
                0x00001cda       0x8e Output/Debug/Obj/gpiote_pca10056/nrfx_timer.o
 .text.TIMER0_IRQHandler
                0x00001d68       0x18 Output/Debug/Obj/gpiote_pca10056/nrfx_timer.o
                0x00001d68                TIMER0_IRQHandler
 .text.app_error_save_and_stop
                0x00001d80       0x98 Output/Debug/Obj/gpiote_pca10056/app_error.o
                0x00001d80                app_error_save_and_stop
 .text.app_error_fault_handler
                0x00001e18       0x54 Output/Debug/Obj/gpiote_pca10056/app_error_weak.o
                0x00001e18                app_error_fault_handler
 .text.assert_nrf_callback
                0x00001e6c       0x2c Output/Debug/Obj/gpiote_pca10056/nrf_assert.o
                0x00001e6c                assert_nrf_callback
 .text._DoInit  0x00001e98       0xb4 Output/Debug/Obj/gpiote_pca10056/SEGGER_RTT.o
 .text._WriteBlocking
                0x00001f4c       0xb8 Output/Debug/Obj/gpiote_pca10056/SEGGER_RTT.o
 .text._WriteNoCheck
                0x00002004       0x8e Output/Debug/Obj/gpiote_pca10056/SEGGER_RTT.o
 .text._GetAvailWriteSpace
                0x00002092       0x3c Output/Debug/Obj/gpiote_pca10056/SEGGER_RTT.o
 *fill*         0x000020ce        0x2 
 .text.SEGGER_RTT_WriteNoLock
                0x000020d0       0xa0 Output/Debug/Obj/gpiote_pca10056/SEGGER_RTT.o
                0x000020d0                SEGGER_RTT_WriteNoLock
 .text.SEGGER_RTT_Write
                0x00002170       0x4c Output/Debug/Obj/gpiote_pca10056/SEGGER_RTT.o
                0x00002170                SEGGER_RTT_Write
 .text.SEGGER_RTT_WriteString
                0x000021bc       0x24 Output/Debug/Obj/gpiote_pca10056/SEGGER_RTT.o
                0x000021bc                SEGGER_RTT_WriteString
 .text.SEGGER_RTT_Init
                0x000021e0        0xa Output/Debug/Obj/gpiote_pca10056/SEGGER_RTT.o
                0x000021e0                SEGGER_RTT_Init
 .text.libc.__SEGGER_RTL_putc
                0x000021ea       0x84 C:/Program Files/SEGGER/SEGGER Embedded Studio 8.24/lib/libc_v7em_fpv4_sp_d16_hard_t_le_eabi_balanced.a(prinops.o)
                0x000021ea                __SEGGER_RTL_putc
 .text.libc.__SEGGER_RTL_prin_flush
                0x0000226e       0x1a C:/Program Files/SEGGER/SEGGER Embedded Studio 8.24/lib/libc_v7em_fpv4_sp_d16_hard_t_le_eabi_balanced.a(prinops.o)
                0x0000226e                __SEGGER_RTL_prin_flush
 .text.libc.__SEGGER_RTL_print_padding
                0x00002288       0x1c C:/Program Files/SEGGER/SEGGER Embedded Studio 8.24/lib/libc_v7em_fpv4_sp_d16_hard_t_le_eabi_balanced.a(prinops.o)
                0x00002288                __SEGGER_RTL_print_padding
 .text.libc.__SEGGER_RTL_pre_padding
                0x000022a4       0x12 C:/Program Files/SEGGER/SEGGER Embedded Studio 8.24/lib/libc_v7em_fpv4_sp_d16_hard_t_le_eabi_balanced.a(prinops.o)
                0x000022a4                __SEGGER_RTL_pre_padding
 .text.libc.__SEGGER_RTL_init_prin
                0x000022b6       0x18 C:/Program Files/SEGGER/SEGGER Embedded Studio 8.24/lib/libc_v7em_fpv4_sp_d16_hard_t_le_eabi_balanced.a(prinops.o)
                0x000022b6                __SEGGER_RTL_init_prin
 .text.libc.snprintf
                0x000022ce       0x30 C:/Program Files/SEGGER/SEGGER Embedded Studio 8.24/lib/libc_v7em_fpv4_sp_d16_hard_t_le_eabi_balanced.a(prinops.o)
                0x000022ce                snprintf
 *fill*         0x000022fe        0x2 
 .text.libc.__SEGGER_RTL_vfprintf_long
                0x00002300      0x520 C:/Program Files/SEGGER/SEGGER Embedded Studio 8.24/lib/libc_v7em_fpv4_sp_d16_hard_t_le_eabi_balanced.a(__SEGGER_RTL_vfprintf_long.o)
                0x00002300                __SEGGER_RTL_vfprintf_long
 .text.libc.__aeabi_uldivmod
                0x00002820      0x130 C:/Program Files/SEGGER/SEGGER Embedded Studio 8.24/lib/libc_v7em_fpv4_sp_d16_hard_t_le_eabi_balanced.a(intasmops_arm.o)
                0x00002820                __aeabi_uldivmod
 .text.libc.__SEGGER_RTL_init_heap
                0x00002950       0x16 C:/Program Files/SEGGER/SEGGER Embedded Studio 8.24/lib/heapops_basic_v7em_fpv4_sp_d16_hard_t_le_eabi_balanced.a(heapops_basic.o)
                0x00002950                __SEGGER_RTL_init_heap
 .text.libc.strlen
                0x00002966       0x2a C:/Program Files/SEGGER/SEGGER Embedded Studio 8.24/lib/strops_unaligned_v7em_fpv4_sp_d16_hard_t_le_eabi_balanced.a(strops.o)
                0x00002966                strlen
 .text.libc.strnlen
                0x00002990       0x4c C:/Program Files/SEGGER/SEGGER Embedded Studio 8.24/lib/strops_unaligned_v7em_fpv4_sp_d16_hard_t_le_eabi_balanced.a(strops.o)
                0x00002990                strnlen
 .text.libc.memcpy
                0x000029dc       0x5c C:/Program Files/SEGGER/SEGGER Embedded Studio 8.24/lib/strops_unaligned_v7em_fpv4_sp_d16_hard_t_le_eabi_balanced.a(strasmops_arm.o)
                0x000029dc                __aeabi_memcpy
                0x000029dc                memcpy
                0x000029fa                __aeabi_memcpy8
                0x000029fa                __aeabi_memcpy4
 .text.libc.__aeabi_memclr
                0x00002a38       0x68 C:/Program Files/SEGGER/SEGGER Embedded Studio 8.24/lib/strops_unaligned_v7em_fpv4_sp_d16_hard_t_le_eabi_balanced.a(strasmops_arm.o)
                0x00002a38                __aeabi_memclr8
                0x00002a38                __aeabi_memclr
                0x00002a38                __aeabi_memclr4
                0x00002a3a                __aeabi_memset4
                0x00002a3a                __aeabi_memset8
                0x00002a3a                __aeabi_memset
                0x00002a40                memset
 .text.libc.__SEGGER_RTL_current_locale
                0x00002aa0       0x18 C:/Program Files/SEGGER/SEGGER Embedded Studio 8.24/lib/mbops_timeops_v7em_fpv4_sp_d16_hard_t_le_eabi_balanced.a(mbops.o)
                0x00002aa0                __SEGGER_RTL_current_locale
 .text.libc.__SEGGER_RTL_ascii_mbtowc
                0x00002ab8       0x32 C:/Program Files/SEGGER/SEGGER Embedded Studio 8.24/lib/mbops_timeops_v7em_fpv4_sp_d16_hard_t_le_eabi_balanced.a(mbops.o)
                0x00002ab8                __SEGGER_RTL_ascii_mbtowc
 .text.libc.__SEGGER_RTL_ascii_wctomb
                0x00002aea        0xe C:/Program Files/SEGGER/SEGGER Embedded Studio 8.24/lib/mbops_timeops_v7em_fpv4_sp_d16_hard_t_le_eabi_balanced.a(mbops.o)
                0x00002aea                __SEGGER_RTL_ascii_wctomb
 .text.libc.__SEGGER_RTL_ascii_isctype
                0x00002af8       0x20 C:/Program Files/SEGGER/SEGGER Embedded Studio 8.24/lib/mbops_timeops_v7em_fpv4_sp_d16_hard_t_le_eabi_balanced.a(mbops.o)
 .text.libc.__SEGGER_RTL_ascii_toupper
                0x00002b18        0xc C:/Program Files/SEGGER/SEGGER Embedded Studio 8.24/lib/mbops_timeops_v7em_fpv4_sp_d16_hard_t_le_eabi_balanced.a(mbops.o)
 .text.libc.__SEGGER_RTL_ascii_tolower
                0x00002b24        0xe C:/Program Files/SEGGER/SEGGER Embedded Studio 8.24/lib/mbops_timeops_v7em_fpv4_sp_d16_hard_t_le_eabi_balanced.a(mbops.o)
 .text.libc.__SEGGER_RTL_ascii_iswctype
                0x00002b32       0x20 C:/Program Files/SEGGER/SEGGER Embedded Studio 8.24/lib/mbops_timeops_v7em_fpv4_sp_d16_hard_t_le_eabi_balanced.a(mbops.o)
 .text.libc.__SEGGER_RTL_ascii_towupper
                0x00002b52        0xc C:/Program Files/SEGGER/SEGGER Embedded Studio 8.24/lib/mbops_timeops_v7em_fpv4_sp_d16_hard_t_le_eabi_balanced.a(mbops.o)
 .text.libc.__SEGGER_RTL_ascii_towlower
                0x00002b5e        0xe C:/Program Files/SEGGER/SEGGER Embedded Studio 8.24/lib/mbops_timeops_v7em_fpv4_sp_d16_hard_t_le_eabi_balanced.a(mbops.o)
                0x00002b6c                        __text_end__ = (__text_start__ + SIZEOF (.text))
                0x0000278c                        __text_size__ = SIZEOF (.text)
                0x00002b6c                        __text_load_end__ = __text_end__

.vfp11_veneer   0x00000000        0x0
 .vfp11_veneer  0x00000000        0x0 linker stubs

.v4_bx          0x00000000        0x0
 .v4_bx         0x00000000        0x0 linker stubs

.iplt           0x00000000        0x0
 .iplt          0x00000000        0x0 Output/Debug/Obj/gpiote_pca10056/main.o
                0x00000001                        . = ASSERT (((__text_start__ == __text_end__) || ((__text_end__ - __FLASH1_segment_start__) <= __FLASH1_segment_size__)), error: .text is too large to fit in FLASH1 memory segment)
                0x00002b6c                        __log_const_data_load_start__ = ALIGN (__text_end__, 0x4)

.log_const_data
                0x00002b6c        0x0
                0x00002b6c                        __log_const_data_start__ = .
                0x00002b6c                        __start_log_const_data = __log_const_data_start__
 *(SORT_BY_NAME(.log_const_data*))
                0x00002b6c                        __log_const_data_end__ = (__log_const_data_start__ + SIZEOF (.log_const_data))
                0x00000000                        __log_const_data_size__ = SIZEOF (.log_const_data)
                0x00002b6c                        __stop_log_const_data = __log_const_data_end__
                0x00002b6c                        __log_const_data_load_end__ = __log_const_data_end__
                0x00000001                        . = ASSERT (((__log_const_data_start__ == __log_const_data_end__) || ((__log_const_data_end__ - __FLASH1_segment_start__) <= __FLASH1_segment_size__)), error: .log_const_data is too large to fit in FLASH1 memory segment)
                0x00002b6c                        __log_backends_load_start__ = ALIGN (__log_const_data_end__, 0x4)

.log_backends   0x00002b6c        0x0
                0x00002b6c                        __log_backends_start__ = .
                0x00002b6c                        __start_log_backends = __log_backends_start__
 *(SORT_BY_NAME(.log_backends*))
                0x00002b6c                        __log_backends_end__ = (__log_backends_start__ + SIZEOF (.log_backends))
                0x00000000                        __log_backends_size__ = SIZEOF (.log_backends)
                0x00002b6c                        __stop_log_backends = __log_backends_end__
                0x00002b6c                        __log_backends_load_end__ = __log_backends_end__
                0x00000001                        . = ASSERT (((__log_backends_start__ == __log_backends_end__) || ((__log_backends_end__ - __FLASH1_segment_start__) <= __FLASH1_segment_size__)), error: .log_backends is too large to fit in FLASH1 memory segment)
                0x00002b6c                        __nrf_balloc_load_start__ = ALIGN (__log_backends_end__, 0x4)

.nrf_balloc     0x00002b6c        0x0
                0x00002b6c                        __nrf_balloc_start__ = .
                0x00002b6c                        __start_nrf_balloc = __nrf_balloc_start__
 *(.nrf_balloc*)
                0x00002b6c                        __nrf_balloc_end__ = (__nrf_balloc_start__ + SIZEOF (.nrf_balloc))
                0x00000000                        __nrf_balloc_size__ = SIZEOF (.nrf_balloc)
                0x00002b6c                        __stop_nrf_balloc = __nrf_balloc_end__
                0x00002b6c                        __nrf_balloc_load_end__ = __nrf_balloc_end__
                0x00000001                        . = ASSERT (((__nrf_balloc_start__ == __nrf_balloc_end__) || ((__nrf_balloc_end__ - __FLASH1_segment_start__) <= __FLASH1_segment_size__)), error: .nrf_balloc is too large to fit in FLASH1 memory segment)
                0x00002b6c                        __nrf_sections_load_start__ = ALIGN (__nrf_balloc_end__, 0x4)

.nrf_sections   0x00002b6c        0x0
                0x00002b6c                        __nrf_sections_start__ = .
                0x00002b6c                        __start_nrf_sections = __nrf_sections_start__
 *(.nrf_sections .nrf_sections.*)
                0x00002b6c                        __nrf_sections_end__ = (__nrf_sections_start__ + SIZEOF (.nrf_sections))
                0x00000000                        __nrf_sections_size__ = SIZEOF (.nrf_sections)
                0x00002b6c                        __nrf_sections_load_end__ = __nrf_sections_end__
                0x00000001                        . = ASSERT (((__nrf_sections_start__ == __nrf_sections_end__) || ((__nrf_sections_end__ - __FLASH1_segment_start__) <= __FLASH1_segment_size__)), error: .nrf_sections is too large to fit in FLASH1 memory segment)
                0x00002b6c                        __log_dynamic_data_load_start__ = ALIGN (__nrf_sections_end__, 0x4)

.log_dynamic_data
                0x20000000        0x0 load address 0x00002b6c
                0x20000000                        __log_dynamic_data_start__ = .
 *(SORT_BY_NAME(.log_dynamic_data*))
                0x20000000                        __log_dynamic_data_end__ = (__log_dynamic_data_start__ + SIZEOF (.log_dynamic_data))
                0x00000000                        __log_dynamic_data_size__ = SIZEOF (.log_dynamic_data)
                0x00002b6c                        __log_dynamic_data_load_end__ = (__log_dynamic_data_load_start__ + SIZEOF (.log_dynamic_data))
                0x00000001                        . = ASSERT (((__log_dynamic_data_load_start__ == __log_dynamic_data_load_end__) || ((__log_dynamic_data_load_end__ - __FLASH1_segment_start__) <= __FLASH1_segment_size__)), error: .log_dynamic_data is too large to fit in FLASH1 memory segment)

.log_dynamic_data_run
                0x20000000        0x0
                0x20000000                        __log_dynamic_data_run_start__ = .
                0x20000000                        __start_log_dynamic_data = __log_dynamic_data_run_start__
                0x20000000                        __log_dynamic_data_run_end__ = (__log_dynamic_data_run_start__ + SIZEOF (.log_dynamic_data))
                0x00000000                        __log_dynamic_data_run_size__ = (__log_dynamic_data_run_end__ - __log_dynamic_data_run_start__)
                0x20000000                        __stop_log_dynamic_data = __log_dynamic_data_run_end__
                0x20000000                        __log_dynamic_data_run_load_end__ = __log_dynamic_data_run_end__
                0x00000001                        . = ASSERT (((__log_dynamic_data_run_start__ == __log_dynamic_data_run_end__) || ((__log_dynamic_data_run_end__ - __RAM1_segment_start__) <= __RAM1_segment_size__)), error: .log_dynamic_data_run is too large to fit in RAM1 memory segment)
                0x00002b6c                        __log_filter_data_load_start__ = ALIGN ((__log_dynamic_data_load_start__ + SIZEOF (.log_dynamic_data)), 0x4)

.log_filter_data
                0x20000000        0x0 load address 0x00002b6c
                0x20000000                        __log_filter_data_start__ = .
 *(SORT_BY_NAME(.log_filter_data*))
                0x20000000                        __log_filter_data_end__ = (__log_filter_data_start__ + SIZEOF (.log_filter_data))
                0x00000000                        __log_filter_data_size__ = SIZEOF (.log_filter_data)
                0x00002b6c                        __log_filter_data_load_end__ = (__log_filter_data_load_start__ + SIZEOF (.log_filter_data))
                0x00000001                        . = ASSERT (((__log_filter_data_load_start__ == __log_filter_data_load_end__) || ((__log_filter_data_load_end__ - __FLASH1_segment_start__) <= __FLASH1_segment_size__)), error: .log_filter_data is too large to fit in FLASH1 memory segment)

.log_filter_data_run
                0x20000000        0x0
                0x20000000                        __log_filter_data_run_start__ = .
                0x20000000                        __start_log_filter_data = __log_filter_data_run_start__
                0x20000000                        __log_filter_data_run_end__ = (__log_filter_data_run_start__ + SIZEOF (.log_filter_data))
                0x00000000                        __log_filter_data_run_size__ = (__log_filter_data_run_end__ - __log_filter_data_run_start__)
                0x20000000                        __stop_log_filter_data = __log_filter_data_run_end__
                0x20000000                        __log_filter_data_run_load_end__ = __log_filter_data_run_end__
                0x00000001                        . = ASSERT (((__log_filter_data_run_start__ == __log_filter_data_run_end__) || ((__log_filter_data_run_end__ - __RAM1_segment_start__) <= __RAM1_segment_size__)), error: .log_filter_data_run is too large to fit in RAM1 memory segment)
                0x20000000                        __nrf_sections_run_end_load_start__ = ALIGN (__log_filter_data_run_end__, 0x4)

.nrf_sections_run_end
                0x20000000        0x0
                0x20000000                        __nrf_sections_run_end_start__ = .
                0x20000000                        __end_nrf_sections_run = __nrf_sections_run_end_start__
 *(.nrf_sections_run_end .nrf_sections_run_end.*)
                0x20000000                        __nrf_sections_run_end_end__ = (__nrf_sections_run_end_start__ + SIZEOF (.nrf_sections_run_end))
                0x00000000                        __nrf_sections_run_end_size__ = SIZEOF (.nrf_sections_run_end)
                0x20000000                        __nrf_sections_run_end_load_end__ = __nrf_sections_run_end_end__
                0x00000001                        . = ASSERT (((__nrf_sections_run_end_start__ == __nrf_sections_run_end_end__) || ((__nrf_sections_run_end_end__ - __RAM1_segment_start__) <= __RAM1_segment_size__)), error: .nrf_sections_run_end is too large to fit in RAM1 memory segment)
                0x00002b6c                        __dtors_load_start__ = ALIGN ((__log_filter_data_load_start__ + SIZEOF (.log_filter_data)), 0x4)

.dtors          0x00002b6c        0x0
                0x00002b6c                        __dtors_start__ = .
 *(SORT_BY_NAME(.dtors.*))
 *(.dtors)
 *(.fini_array)
 *(SORT_BY_NAME(.fini_array.*))
                0x00002b6c                        __dtors_end__ = (__dtors_start__ + SIZEOF (.dtors))
                0x00000000                        __dtors_size__ = SIZEOF (.dtors)
                0x00002b6c                        __dtors_load_end__ = __dtors_end__
                0x00000001                        . = ASSERT (((__dtors_start__ == __dtors_end__) || ((__dtors_end__ - __FLASH1_segment_start__) <= __FLASH1_segment_size__)), error: .dtors is too large to fit in FLASH1 memory segment)
                0x00002b6c                        __ctors_load_start__ = ALIGN (__dtors_end__, 0x4)

.ctors          0x00002b6c        0x0
                0x00002b6c                        __ctors_start__ = .
 *(SORT_BY_NAME(.ctors.*))
 *(.ctors)
 *(.init_array)
 *(SORT_BY_NAME(.init_array.*))
                0x00002b6c                        __ctors_end__ = (__ctors_start__ + SIZEOF (.ctors))
                0x00000000                        __ctors_size__ = SIZEOF (.ctors)
                0x00002b6c                        __ctors_load_end__ = __ctors_end__
                0x00000001                        . = ASSERT (((__ctors_start__ == __ctors_end__) || ((__ctors_end__ - __FLASH1_segment_start__) <= __FLASH1_segment_size__)), error: .ctors is too large to fit in FLASH1 memory segment)
                0x00002b6c                        __rodata_load_start__ = ALIGN (__ctors_end__, 0x4)

.rodata         0x00002b6c      0x489
                0x00002b6c                        __rodata_start__ = .
 *(.rodata .rodata.* .gnu.linkonce.r.* .data.rel.ro .data.rel.ro.*)
 .rodata        0x00002b6c       0x64 Output/Debug/Obj/gpiote_pca10056/main.o
 .rodata.default_config.1
                0x00002bd0        0x4 Output/Debug/Obj/gpiote_pca10056/main.o
 *fill*         0x00002bd4        0xc 
 .rodata.delay_machine_code.0
                0x00002be0        0x6 Output/Debug/Obj/gpiote_pca10056/main.o
 *fill*         0x00002be6        0x2 
 .rodata        0x00002be8       0xd6 Output/Debug/Obj/gpiote_pca10056/nrfx_gpiote.o
 *fill*         0x00002cbe        0x2 
 .rodata        0x00002cc0       0xcd Output/Debug/Obj/gpiote_pca10056/nrfx_saadc.o
 *fill*         0x00002d8d        0x3 
 .rodata        0x00002d90        0x9 Output/Debug/Obj/gpiote_pca10056/SEGGER_RTT.o
 *fill*         0x00002d99        0x3 
 .rodata._aInitStr.0
                0x00002d9c       0x11 Output/Debug/Obj/gpiote_pca10056/SEGGER_RTT.o
 .rodata.libc.__SEGGER_RTL_hex_uc
                0x00002dad       0x10 C:/Program Files/SEGGER/SEGGER Embedded Studio 8.24/lib/libc_v7em_fpv4_sp_d16_hard_t_le_eabi_balanced.a(prinops.o)
                0x00002dad                __SEGGER_RTL_hex_uc
 .rodata.libc.__SEGGER_RTL_hex_lc
                0x00002dbd       0x10 C:/Program Files/SEGGER/SEGGER Embedded Studio 8.24/lib/libc_v7em_fpv4_sp_d16_hard_t_le_eabi_balanced.a(prinops.o)
                0x00002dbd                __SEGGER_RTL_hex_lc
 .rodata.libc..L.str
                0x00002dcd        0x7 C:/Program Files/SEGGER/SEGGER Embedded Studio 8.24/lib/libc_v7em_fpv4_sp_d16_hard_t_le_eabi_balanced.a(__SEGGER_RTL_vfprintf_long.o)
 .rodata.libc.__SEGGER_RTL_c_locale
                0x00002dd4        0xc C:/Program Files/SEGGER/SEGGER Embedded Studio 8.24/lib/mbops_timeops_v7em_fpv4_sp_d16_hard_t_le_eabi_balanced.a(mbops.o)
                0x00002dd4                __SEGGER_RTL_c_locale
 .rodata.libc.__SEGGER_RTL_c_locale_day_names
                0x00002de0       0x3a C:/Program Files/SEGGER/SEGGER Embedded Studio 8.24/lib/mbops_timeops_v7em_fpv4_sp_d16_hard_t_le_eabi_balanced.a(mbops.o)
                0x00002de0                __SEGGER_RTL_c_locale_day_names
 .rodata.libc.__SEGGER_RTL_c_locale_month_names
                0x00002e1a       0x57 C:/Program Files/SEGGER/SEGGER Embedded Studio 8.24/lib/mbops_timeops_v7em_fpv4_sp_d16_hard_t_le_eabi_balanced.a(mbops.o)
                0x00002e1a                __SEGGER_RTL_c_locale_month_names
 .rodata.libc.__SEGGER_RTL_c_locale_am_pm_indicator
                0x00002e71        0x7 C:/Program Files/SEGGER/SEGGER Embedded Studio 8.24/lib/mbops_timeops_v7em_fpv4_sp_d16_hard_t_le_eabi_balanced.a(mbops.o)
                0x00002e71                __SEGGER_RTL_c_locale_am_pm_indicator
 .rodata.libc.__SEGGER_RTL_c_locale_date_format
                0x00002e78        0x9 C:/Program Files/SEGGER/SEGGER Embedded Studio 8.24/lib/mbops_timeops_v7em_fpv4_sp_d16_hard_t_le_eabi_balanced.a(mbops.o)
                0x00002e78                __SEGGER_RTL_c_locale_date_format
 .rodata.libc.__SEGGER_RTL_c_locale_time_format
                0x00002e81        0x9 C:/Program Files/SEGGER/SEGGER Embedded Studio 8.24/lib/mbops_timeops_v7em_fpv4_sp_d16_hard_t_le_eabi_balanced.a(mbops.o)
                0x00002e81                __SEGGER_RTL_c_locale_time_format
 .rodata.libc.__SEGGER_RTL_c_locale_date_time_format
                0x00002e8a        0xf C:/Program Files/SEGGER/SEGGER Embedded Studio 8.24/lib/mbops_timeops_v7em_fpv4_sp_d16_hard_t_le_eabi_balanced.a(mbops.o)
                0x00002e8a                __SEGGER_RTL_c_locale_date_time_format
 .rodata.libc..L.str
                0x00002e99        0x2 C:/Program Files/SEGGER/SEGGER Embedded Studio 8.24/lib/mbops_timeops_v7em_fpv4_sp_d16_hard_t_le_eabi_balanced.a(mbops.o)
 *fill*         0x00002e9b        0x1 
 .rodata.libc.__SEGGER_RTL_codeset_ascii
                0x00002e9c       0x20 C:/Program Files/SEGGER/SEGGER Embedded Studio 8.24/lib/mbops_timeops_v7em_fpv4_sp_d16_hard_t_le_eabi_balanced.a(mbops.o)
                0x00002e9c                __SEGGER_RTL_codeset_ascii
 .rodata.libc.__SEGGER_RTL_c_locale_abbrev_day_names
                0x00002ebc       0x1d C:/Program Files/SEGGER/SEGGER Embedded Studio 8.24/lib/mbops_timeops_v7em_fpv4_sp_d16_hard_t_le_eabi_balanced.a(mbops.o)
                0x00002ebc                __SEGGER_RTL_c_locale_abbrev_day_names
 .rodata.libc.__SEGGER_RTL_c_locale_abbrev_month_names
                0x00002ed9       0x31 C:/Program Files/SEGGER/SEGGER Embedded Studio 8.24/lib/mbops_timeops_v7em_fpv4_sp_d16_hard_t_le_eabi_balanced.a(mbops.o)
                0x00002ed9                __SEGGER_RTL_c_locale_abbrev_month_names
 .rodata.libc.__SEGGER_RTL_data_utf8_period
                0x00002f0a        0x2 C:/Program Files/SEGGER/SEGGER Embedded Studio 8.24/lib/mbops_timeops_v7em_fpv4_sp_d16_hard_t_le_eabi_balanced.a(mbops.o)
                0x00002f0a                __SEGGER_RTL_data_utf8_period
 .rodata.libc.__SEGGER_RTL_data_empty_string
                0x00002f0c        0x1 C:/Program Files/SEGGER/SEGGER Embedded Studio 8.24/lib/mbops_timeops_v7em_fpv4_sp_d16_hard_t_le_eabi_balanced.a(mbops.o)
                0x00002f0c                __SEGGER_RTL_data_empty_string
 *fill*         0x00002f0d        0x3 
 .rodata.libc.__SEGGER_RTL_c_locale_data
                0x00002f10       0x58 C:/Program Files/SEGGER/SEGGER Embedded Studio 8.24/lib/mbops_timeops_v7em_fpv4_sp_d16_hard_t_le_eabi_balanced.a(mbops.o)
                0x00002f10                __SEGGER_RTL_c_locale_data
 .rodata.libc.__SEGGER_RTL_ascii_ctype_map
                0x00002f68       0x80 C:/Program Files/SEGGER/SEGGER Embedded Studio 8.24/lib/mbops_timeops_v7em_fpv4_sp_d16_hard_t_le_eabi_balanced.a(mbops.o)
 .rodata.libc.__SEGGER_RTL_ascii_ctype_mask
                0x00002fe8        0xd C:/Program Files/SEGGER/SEGGER Embedded Studio 8.24/lib/mbops_timeops_v7em_fpv4_sp_d16_hard_t_le_eabi_balanced.a(mbops.o)
                0x00002ff5                        __rodata_end__ = (__rodata_start__ + SIZEOF (.rodata))
                0x00000489                        __rodata_size__ = SIZEOF (.rodata)
                0x00002ff5                        __rodata_load_end__ = __rodata_end__

.rel.dyn        0x00002ff8        0x0
 .rel.iplt      0x00002ff8        0x0 Output/Debug/Obj/gpiote_pca10056/main.o
                0x00000001                        . = ASSERT (((__rodata_start__ == __rodata_end__) || ((__rodata_end__ - __FLASH1_segment_start__) <= __FLASH1_segment_size__)), error: .rodata is too large to fit in FLASH1 memory segment)
                0x00002ff8                        __ARM.exidx_load_start__ = ALIGN (__rodata_end__, 0x4)

.ARM.exidx      0x00002ff8        0x0
                0x00002ff8                        __ARM.exidx_start__ = .
                0x00002ff8                        __exidx_start = __ARM.exidx_start__
 *(.ARM.exidx .ARM.exidx.*)
                0x00002ff8                        __ARM.exidx_end__ = (__ARM.exidx_start__ + SIZEOF (.ARM.exidx))
                0x00000000                        __ARM.exidx_size__ = SIZEOF (.ARM.exidx)
                0x00002ff8                        __exidx_end = __ARM.exidx_end__
                0x00002ff8                        __ARM.exidx_load_end__ = __ARM.exidx_end__
                0x00000001                        . = ASSERT (((__ARM.exidx_start__ == __ARM.exidx_end__) || ((__ARM.exidx_end__ - __FLASH1_segment_start__) <= __FLASH1_segment_size__)), error: .ARM.exidx is too large to fit in FLASH1 memory segment)
                0x00002ff8                        __fast_load_start__ = ALIGN (__ARM.exidx_end__, 0x4)

.fast           0x20000000        0x0 load address 0x00002ff8
                0x20000000                        __fast_start__ = .
 *(.fast .fast.*)
                0x20000000                        __fast_end__ = (__fast_start__ + SIZEOF (.fast))
                0x00000000                        __fast_size__ = SIZEOF (.fast)
                0x00002ff8                        __fast_load_end__ = (__fast_load_start__ + SIZEOF (.fast))
                0x00000001                        . = ASSERT (((__fast_load_start__ == __fast_load_end__) || ((__fast_load_end__ - __FLASH1_segment_start__) <= __FLASH1_segment_size__)), error: .fast is too large to fit in FLASH1 memory segment)

.fast_run       0x20000000        0x0
                0x20000000                        __fast_run_start__ = .
                0x20000000                        __fast_run_end__ = (__fast_run_start__ + SIZEOF (.fast))
                0x00000000                        __fast_run_size__ = (__fast_run_end__ - __fast_run_start__)
                0x20000000                        __fast_run_load_end__ = __fast_run_end__
                0x00000001                        . = ASSERT (((__fast_run_start__ == __fast_run_end__) || ((__fast_run_end__ - __RAM1_segment_start__) <= __RAM1_segment_size__)), error: .fast_run is too large to fit in RAM1 memory segment)
                0x00002ff8                        __data_load_start__ = ALIGN ((__fast_load_start__ + SIZEOF (.fast)), 0x4)

.data           0x20000000       0x18 load address 0x00002ff8
                0x20000000                        __data_start__ = .
 *(.data .data.* .gnu.linkonce.d.*)
 .data.SystemCoreClock
                0x20000000        0x4 Output/Debug/Obj/gpiote_pca10056/system_nrf52840.o
                0x20000000                SystemCoreClock
 .data.libc.__SEGGER_RTL_global_locale
                0x20000004       0x14 C:/Program Files/SEGGER/SEGGER Embedded Studio 8.24/lib/mbops_timeops_v7em_fpv4_sp_d16_hard_t_le_eabi_balanced.a(mbops.o)
                0x20000004                __SEGGER_RTL_global_locale
                0x20000004                __RAL_global_locale
                0x20000018                        __data_end__ = (__data_start__ + SIZEOF (.data))
                0x00000018                        __data_size__ = SIZEOF (.data)
                0x00003010                        __data_load_end__ = (__data_load_start__ + SIZEOF (.data))

.igot.plt       0x00000000        0x0
 .igot.plt      0x00000000        0x0 Output/Debug/Obj/gpiote_pca10056/main.o
                0x00000001                        . = ASSERT (((__data_load_start__ == __data_load_end__) || ((__data_load_end__ - __FLASH1_segment_start__) <= __FLASH1_segment_size__)), error: .data is too large to fit in FLASH1 memory segment)

.data_run       0x20000000        0x0
                0x20000000                        __data_run_start__ = .
                0x20000018                        __data_run_end__ = (__data_run_start__ + SIZEOF (.data))
                0x00000018                        __data_run_size__ = (__data_run_end__ - __data_run_start__)
                0x20000018                        __data_run_load_end__ = __data_run_end__
                0x00000001                        . = ASSERT (((__data_run_start__ == __data_run_end__) || ((__data_run_end__ - __RAM1_segment_start__) <= __RAM1_segment_size__)), error: .data_run is too large to fit in RAM1 memory segment)
                0x00003010                        __tdata_load_start__ = ALIGN ((__data_load_start__ + SIZEOF (.data)), 0x4)

.tdata          0x20000018        0x0 load address 0x00003010
                0x20000018                        __tdata_start__ = .
 *(.tdata .tdata.*)
                0x20000018                        __tdata_end__ = (__tdata_start__ + SIZEOF (.tdata))
                0x00000000                        __tdata_size__ = SIZEOF (.tdata)
                0x00003010                        __tdata_load_end__ = (__tdata_load_start__ + SIZEOF (.tdata))
                0x00003010                        __FLASH1_segment_used_end__ = (ALIGN ((__data_load_start__ + SIZEOF (.data)), 0x4) + SIZEOF (.tdata))
                0x00003010                        __FLASH1_segment_used_size__ = (__FLASH1_segment_used_end__ - __FLASH1_segment_start__)
                0x00000001                        . = ASSERT (((__tdata_load_start__ == __tdata_load_end__) || ((__tdata_load_end__ - __FLASH1_segment_start__) <= __FLASH1_segment_size__)), error: .tdata is too large to fit in FLASH1 memory segment)

.tdata_run      0x20000018        0x0
                0x20000018                        __tdata_run_start__ = .
                0x20000018                        __tdata_run_end__ = (__tdata_run_start__ + SIZEOF (.tdata))
                0x00000000                        __tdata_run_size__ = (__tdata_run_end__ - __tdata_run_start__)
                0x20000018                        __tdata_run_load_end__ = __tdata_run_end__
                0x00000001                        . = ASSERT (((__tdata_run_start__ == __tdata_run_end__) || ((__tdata_run_end__ - __RAM1_segment_start__) <= __RAM1_segment_size__)), error: .tdata_run is too large to fit in RAM1 memory segment)
                0x20000018                        __bss_load_start__ = ALIGN (__tdata_run_end__, 0x4)

.bss            0x20000018      0x590
                0x20000018                        __bss_start__ = .
 *(.bss .bss.* .gnu.linkonce.b.*)
 .bss.adc_buf   0x20000018        0x2 Output/Debug/Obj/gpiote_pca10056/main.o
 .bss.adc_result
                0x2000001a        0x2 Output/Debug/Obj/gpiote_pca10056/main.o
 .bss.m_clock_cb
                0x2000001c        0x8 Output/Debug/Obj/gpiote_pca10056/nrfx_clock.o
 .bss.m_cb      0x20000024       0x5c Output/Debug/Obj/gpiote_pca10056/nrfx_gpiote.o
 .bss.m_cb      0x20000080       0x30 Output/Debug/Obj/gpiote_pca10056/nrfx_saadc.o
 .bss.m_cb      0x200000b0       0x18 Output/Debug/Obj/gpiote_pca10056/nrfx_timer.o
 .bss.m_error_data.0
                0x200000c8       0x20 Output/Debug/Obj/gpiote_pca10056/app_error.o
 .bss._SEGGER_RTT
                0x200000e8       0xa8 Output/Debug/Obj/gpiote_pca10056/SEGGER_RTT.o
                0x200000e8                _SEGGER_RTT
 .bss._acUpBuffer
                0x20000190      0x400 Output/Debug/Obj/gpiote_pca10056/SEGGER_RTT.o
 .bss._acDownBuffer
                0x20000590       0x10 Output/Debug/Obj/gpiote_pca10056/SEGGER_RTT.o
 .bss.libc.__SEGGER_RTL_heap_globals.0
                0x200005a0        0x4 C:/Program Files/SEGGER/SEGGER Embedded Studio 8.24/lib/heapops_basic_v7em_fpv4_sp_d16_hard_t_le_eabi_balanced.a(heapops_basic.o)
 .bss.libc.__SEGGER_RTL_locale_ptr
                0x200005a4        0x4 C:/Program Files/SEGGER/SEGGER Embedded Studio 8.24/lib/mbops_timeops_v7em_fpv4_sp_d16_hard_t_le_eabi_balanced.a(mbops.o)
                0x200005a4                __SEGGER_RTL_locale_ptr
 *(COMMON)
                0x200005a8                        __bss_end__ = (__bss_start__ + SIZEOF (.bss))
                0x00000590                        __bss_size__ = SIZEOF (.bss)
                0x200005a8                        __bss_load_end__ = __bss_end__
                0x00000001                        . = ASSERT (((__bss_start__ == __bss_end__) || ((__bss_end__ - __RAM1_segment_start__) <= __RAM1_segment_size__)), error: .bss is too large to fit in RAM1 memory segment)
                0x200005a8                        __tbss_load_start__ = ALIGN (__bss_end__, 0x4)

.tbss           0x200005a8        0x0
                0x200005a8                        __tbss_start__ = .
 *(.tbss .tbss.*)
                0x200005a8                        __tbss_end__ = (__tbss_start__ + SIZEOF (.tbss))
                0x00000000                        __tbss_size__ = SIZEOF (.tbss)
                0x200005a8                        __tbss_load_end__ = __tbss_end__
                0x00000001                        . = ASSERT (((__tbss_start__ == __tbss_end__) || ((__tbss_end__ - __RAM1_segment_start__) <= __RAM1_segment_size__)), error: .tbss is too large to fit in RAM1 memory segment)
                0x200005a8                        __non_init_load_start__ = ALIGN (__tbss_end__, 0x4)

.non_init       0x200005a8        0x0
                0x200005a8                        __non_init_start__ = .
 *(.non_init .non_init.*)
                0x200005a8                        __non_init_end__ = (__non_init_start__ + SIZEOF (.non_init))
                0x00000000                        __non_init_size__ = SIZEOF (.non_init)
                0x200005a8                        __non_init_load_end__ = __non_init_end__
                0x00000001                        . = ASSERT (((__non_init_start__ == __non_init_end__) || ((__non_init_end__ - __RAM1_segment_start__) <= __RAM1_segment_size__)), error: .non_init is too large to fit in RAM1 memory segment)
                0x200005a8                        __heap_load_start__ = ALIGN (__non_init_end__, 0x4)

.heap           0x200005a8     0x2000
                0x200005a8                        __heap_start__ = .
 *(.heap .heap.*)
                0x200025a8                        . = ALIGN (MAX ((__heap_start__ + __HEAPSIZE__), .), 0x4)
 *fill*         0x200005a8     0x2000 
                0x200025a8                        __heap_end__ = (__heap_start__ + SIZEOF (.heap))
                0x00002000                        __heap_size__ = SIZEOF (.heap)
                0x200025a8                        __heap_load_end__ = __heap_end__
                0x00000001                        . = ASSERT (((__heap_start__ == __heap_end__) || ((__heap_end__ - __RAM1_segment_start__) <= __RAM1_segment_size__)), error: .heap is too large to fit in RAM1 memory segment)
                0x00000001                        . = ASSERT ((__HEAPSIZE__ == ALIGN (__HEAPSIZE__, 0x4)), error: .heap section size does not match alignment)
                0x00000001                        . = ASSERT ((__heap_size__ <= __HEAPSIZE__), error: .heap section is larger than specified size)
                0x2003e000                        __stack_load_start__ = (__RAM1_segment_start__ + (__RAM1_segment_size__ - 0x2000))

.stack          0x2003e000     0x2000
                0x2003e000                        __stack_start__ = .
                0x2003e000                        __StackLimit = __stack_start__
 *(.stack .stack.*)
                0x20040000                        . = ALIGN (MAX ((__stack_start__ + __STACKSIZE__), .), 0x8)
 *fill*         0x2003e000     0x2000 
                0x20040000                        __stack_end__ = (__stack_start__ + SIZEOF (.stack))
                0x00002000                        __stack_size__ = SIZEOF (.stack)
                0x20040000                        __StackTop = __stack_end__
                0x20040000                        __stack_load_end__ = __stack_end__
                0x00000001                        . = ASSERT (((__stack_start__ == __stack_end__) || ((__stack_end__ - __RAM1_segment_start__) <= __RAM1_segment_size__)), error: .stack is too large to fit in RAM1 memory segment)
                0x00000001                        . = ASSERT ((__heap_end__ <= __stack_start__), error: section .heap overlaps absolute placed section .stack)
                0x00000001                        . = ASSERT ((__STACKSIZE__ == ALIGN (__STACKSIZE__, 0x8)), error: .stack section size does not match alignment)
                0x00000001                        . = ASSERT ((__stack_size__ <= __STACKSIZE__), error: .stack section is larger than specified size)
                0x20040000                        __stack_process_load_start__ = ALIGN (__stack_end__, 0x8)

.stack_process  0x20040000        0x0
                0x20040000                        __stack_process_start__ = .
 *(.stack_process .stack_process.*)
                0x20040000                        . = ALIGN (MAX ((__stack_process_start__ + __STACKSIZE_PROCESS__), .), 0x8)
                0x20040000                        __stack_process_end__ = (__stack_process_start__ + SIZEOF (.stack_process))
                0x00000000                        __stack_process_size__ = SIZEOF (.stack_process)
                0x20040000                        __stack_process_load_end__ = __stack_process_end__
                0x20040000                        __RAM1_segment_used_end__ = (ALIGN (__stack_end__, 0x8) + SIZEOF (.stack_process))
                0x00040000                        __RAM1_segment_used_size__ = (__RAM1_segment_used_end__ - __RAM1_segment_start__)
                0x00000001                        . = ASSERT (((__stack_process_start__ == __stack_process_end__) || ((__stack_process_end__ - __RAM1_segment_start__) <= __RAM1_segment_size__)), error: .stack_process is too large to fit in RAM1 memory segment)
                0x00000001                        . = ASSERT ((__STACKSIZE_PROCESS__ == ALIGN (__STACKSIZE_PROCESS__, 0x8)), error: .stack_process section size does not match alignment)
                0x00000001                        . = ASSERT ((__stack_process_size__ <= __STACKSIZE_PROCESS__), error: .stack_process section is larger than specified size)
                0x00002000                        __STACKSIZE__ = 0x2000
                0x00000000                        __STACKSIZE_PROCESS__ = 0x0
                0x00002000                        __HEAPSIZE__ = 0x2000
                0x00002300                        __SEGGER_RTL_vfprintf = __SEGGER_RTL_vfprintf_long
                0x00000000                        __SEGGER_RTL_vfscanf = __SEGGER_RTL_vfscanf_long
START GROUP
LOAD Output/Debug/Obj/gpiote_pca10056/main.o
LOAD Output/Debug/Obj/gpiote_pca10056/boards.o
LOAD Output/Debug/Obj/gpiote_pca10056/ses_startup_nrf52840.o
LOAD Output/Debug/Obj/gpiote_pca10056/ses_startup_nrf_common.o
LOAD Output/Debug/Obj/gpiote_pca10056/system_nrf52840.o
LOAD Output/Debug/Obj/gpiote_pca10056/nrf_drv_ppi.o
LOAD Output/Debug/Obj/gpiote_pca10056/nrfx_atomic.o
LOAD Output/Debug/Obj/gpiote_pca10056/nrfx_clock.o
LOAD Output/Debug/Obj/gpiote_pca10056/nrfx_gpiote.o
LOAD Output/Debug/Obj/gpiote_pca10056/nrfx_ppi.o
LOAD Output/Debug/Obj/gpiote_pca10056/nrfx_saadc.o
LOAD Output/Debug/Obj/gpiote_pca10056/nrfx_timer.o
LOAD Output/Debug/Obj/gpiote_pca10056/app_error.o
LOAD Output/Debug/Obj/gpiote_pca10056/app_error_handler_gcc.o
LOAD Output/Debug/Obj/gpiote_pca10056/app_error_weak.o
LOAD Output/Debug/Obj/gpiote_pca10056/app_util_platform.o
LOAD Output/Debug/Obj/gpiote_pca10056/nrf_assert.o
LOAD Output/Debug/Obj/gpiote_pca10056/nrf_atomic.o
LOAD Output/Debug/Obj/gpiote_pca10056/nrf_balloc.o
LOAD Output/Debug/Obj/gpiote_pca10056/nrf_fprintf.o
LOAD Output/Debug/Obj/gpiote_pca10056/nrf_fprintf_format.o
LOAD Output/Debug/Obj/gpiote_pca10056/nrf_memobj.o
LOAD Output/Debug/Obj/gpiote_pca10056/nrf_ringbuf.o
LOAD Output/Debug/Obj/gpiote_pca10056/nrf_strerror.o
LOAD Output/Debug/Obj/gpiote_pca10056/nrf_log_frontend.o
LOAD Output/Debug/Obj/gpiote_pca10056/nrf_log_str_formatter.o
LOAD Output/Debug/Obj/gpiote_pca10056/SEGGER_RTT.o
LOAD Output/Debug/Obj/gpiote_pca10056/SEGGER_RTT_printf.o
LOAD Output/Debug/Obj/gpiote_pca10056/SEGGER_RTT_ASM_ARMv7M.o
LOAD Output/Debug/Obj/gpiote_pca10056/thumb_crt0.o
LOAD C:/Program Files/SEGGER/SEGGER Embedded Studio 8.24/lib/libc_v7em_fpv4_sp_d16_hard_t_le_eabi_balanced.a
LOAD C:/Program Files/SEGGER/SEGGER Embedded Studio 8.24/lib/heapops_basic_v7em_fpv4_sp_d16_hard_t_le_eabi_balanced.a
LOAD C:/Program Files/SEGGER/SEGGER Embedded Studio 8.24/lib/heapops_disable_interrupts_locking_v7em_fpv4_sp_d16_hard_t_le_eabi_balanced.a
LOAD C:/Program Files/SEGGER/SEGGER Embedded Studio 8.24/lib/strops_unaligned_v7em_fpv4_sp_d16_hard_t_le_eabi_balanced.a
LOAD C:/Program Files/SEGGER/SEGGER Embedded Studio 8.24/lib/mbops_timeops_v7em_fpv4_sp_d16_hard_t_le_eabi_balanced.a
END GROUP
OUTPUT(C:/Users/mandy/Desktop/nRF5_SDK_17.1.0_ddde560/nRF5_SDK_17.1.0_ddde560/examples/peripheral/gpiote/pca10056/blank/ses/Output/Debug/Exe/gpiote_pca10056.elf elf32-littlearm)
LOAD linker stubs

.debug_info     0x00000000     0xcd7a
 .debug_info    0x00000000      0xc86 Output/Debug/Obj/gpiote_pca10056/main.o
 .debug_info    0x00000c86       0x23 Output/Debug/Obj/gpiote_pca10056/ses_startup_nrf52840.o
 .debug_info    0x00000ca9       0x23 Output/Debug/Obj/gpiote_pca10056/ses_startup_nrf_common.o
 .debug_info    0x00000ccc     0x45ef Output/Debug/Obj/gpiote_pca10056/system_nrf52840.o
 .debug_info    0x000052bb      0xeb7 Output/Debug/Obj/gpiote_pca10056/nrfx_clock.o
 .debug_info    0x00006172     0x21b6 Output/Debug/Obj/gpiote_pca10056/nrfx_gpiote.o
 .debug_info    0x00008328     0x19f8 Output/Debug/Obj/gpiote_pca10056/nrfx_saadc.o
 .debug_info    0x00009d20     0x1430 Output/Debug/Obj/gpiote_pca10056/nrfx_timer.o
 .debug_info    0x0000b150      0x289 Output/Debug/Obj/gpiote_pca10056/app_error.o
 .debug_info    0x0000b3d9      0x25c Output/Debug/Obj/gpiote_pca10056/app_error_weak.o
 .debug_info    0x0000b635      0x135 Output/Debug/Obj/gpiote_pca10056/nrf_assert.o
 .debug_info    0x0000b76a     0x15ee Output/Debug/Obj/gpiote_pca10056/SEGGER_RTT.o
 .debug_info    0x0000cd58       0x22 Output/Debug/Obj/gpiote_pca10056/thumb_crt0.o

.debug_abbrev   0x00000000     0x18d2
 .debug_abbrev  0x00000000      0x32b Output/Debug/Obj/gpiote_pca10056/main.o
 .debug_abbrev  0x0000032b       0x14 Output/Debug/Obj/gpiote_pca10056/ses_startup_nrf52840.o
 .debug_abbrev  0x0000033f       0x14 Output/Debug/Obj/gpiote_pca10056/ses_startup_nrf_common.o
 .debug_abbrev  0x00000353      0x255 Output/Debug/Obj/gpiote_pca10056/system_nrf52840.o
 .debug_abbrev  0x000005a8      0x31c Output/Debug/Obj/gpiote_pca10056/nrfx_clock.o
 .debug_abbrev  0x000008c4      0x39a Output/Debug/Obj/gpiote_pca10056/nrfx_gpiote.o
 .debug_abbrev  0x00000c5e      0x3ea Output/Debug/Obj/gpiote_pca10056/nrfx_saadc.o
 .debug_abbrev  0x00001048      0x2e0 Output/Debug/Obj/gpiote_pca10056/nrfx_timer.o
 .debug_abbrev  0x00001328      0x13f Output/Debug/Obj/gpiote_pca10056/app_error.o
 .debug_abbrev  0x00001467      0x159 Output/Debug/Obj/gpiote_pca10056/app_error_weak.o
 .debug_abbrev  0x000015c0       0xd6 Output/Debug/Obj/gpiote_pca10056/nrf_assert.o
 .debug_abbrev  0x00001696      0x22a Output/Debug/Obj/gpiote_pca10056/SEGGER_RTT.o
 .debug_abbrev  0x000018c0       0x12 Output/Debug/Obj/gpiote_pca10056/thumb_crt0.o

.debug_pubnames
                0x00000000     0x5fd1
 .debug_pubnames
                0x00000000      0x80c Output/Debug/Obj/gpiote_pca10056/main.o
 .debug_pubnames
                0x0000080c     0x1ed5 Output/Debug/Obj/gpiote_pca10056/system_nrf52840.o
 .debug_pubnames
                0x000026e1      0x78d Output/Debug/Obj/gpiote_pca10056/nrfx_clock.o
 .debug_pubnames
                0x00002e6e     0x1198 Output/Debug/Obj/gpiote_pca10056/nrfx_gpiote.o
 .debug_pubnames
                0x00004006     0x1120 Output/Debug/Obj/gpiote_pca10056/nrfx_saadc.o
 .debug_pubnames
                0x00005126      0x83a Output/Debug/Obj/gpiote_pca10056/nrfx_timer.o
 .debug_pubnames
                0x00005960       0x88 Output/Debug/Obj/gpiote_pca10056/app_error.o
 .debug_pubnames
                0x000059e8      0x101 Output/Debug/Obj/gpiote_pca10056/app_error_weak.o
 .debug_pubnames
                0x00005ae9       0x46 Output/Debug/Obj/gpiote_pca10056/nrf_assert.o
 .debug_pubnames
                0x00005b2f      0x4a2 Output/Debug/Obj/gpiote_pca10056/SEGGER_RTT.o

.debug_pubtypes
                0x00000000     0x15d6
 .debug_pubtypes
                0x00000000      0x39e Output/Debug/Obj/gpiote_pca10056/main.o
 .debug_pubtypes
                0x0000039e      0x1fe Output/Debug/Obj/gpiote_pca10056/system_nrf52840.o
 .debug_pubtypes
                0x0000059c      0x210 Output/Debug/Obj/gpiote_pca10056/nrfx_clock.o
 .debug_pubtypes
                0x000007ac      0x303 Output/Debug/Obj/gpiote_pca10056/nrfx_gpiote.o
 .debug_pubtypes
                0x00000aaf      0x3fa Output/Debug/Obj/gpiote_pca10056/nrfx_saadc.o
 .debug_pubtypes
                0x00000ea9      0x2b1 Output/Debug/Obj/gpiote_pca10056/nrfx_timer.o
 .debug_pubtypes
                0x0000115a      0x120 Output/Debug/Obj/gpiote_pca10056/app_error.o
 .debug_pubtypes
                0x0000127a      0x12f Output/Debug/Obj/gpiote_pca10056/app_error_weak.o
 .debug_pubtypes
                0x000013a9      0x103 Output/Debug/Obj/gpiote_pca10056/nrf_assert.o
 .debug_pubtypes
                0x000014ac      0x12a Output/Debug/Obj/gpiote_pca10056/SEGGER_RTT.o

.debug_aranges  0x00000000     0x1590
 .debug_aranges
                0x00000000       0xa0 Output/Debug/Obj/gpiote_pca10056/main.o
 .debug_aranges
                0x000000a0       0x20 Output/Debug/Obj/gpiote_pca10056/ses_startup_nrf52840.o
 .debug_aranges
                0x000000c0       0x20 Output/Debug/Obj/gpiote_pca10056/ses_startup_nrf_common.o
 .debug_aranges
                0x000000e0      0xc30 Output/Debug/Obj/gpiote_pca10056/system_nrf52840.o
 .debug_aranges
                0x00000d10      0x108 Output/Debug/Obj/gpiote_pca10056/nrfx_clock.o
 .debug_aranges
                0x00000e18      0x2f0 Output/Debug/Obj/gpiote_pca10056/nrfx_gpiote.o
 .debug_aranges
                0x00001108      0x138 Output/Debug/Obj/gpiote_pca10056/nrfx_saadc.o
 .debug_aranges
                0x00001240      0x158 Output/Debug/Obj/gpiote_pca10056/nrfx_timer.o
 .debug_aranges
                0x00001398       0x28 Output/Debug/Obj/gpiote_pca10056/app_error.o
 .debug_aranges
                0x000013c0       0x20 Output/Debug/Obj/gpiote_pca10056/app_error_weak.o
 .debug_aranges
                0x000013e0       0x20 Output/Debug/Obj/gpiote_pca10056/nrf_assert.o
 .debug_aranges
                0x00001400      0x138 Output/Debug/Obj/gpiote_pca10056/SEGGER_RTT.o
 .debug_aranges
                0x00001538       0x58 Output/Debug/Obj/gpiote_pca10056/thumb_crt0.o

.debug_ranges   0x00000000     0x14a8
 .debug_ranges  0x00000000       0x90 Output/Debug/Obj/gpiote_pca10056/main.o
 .debug_ranges  0x00000090      0xc20 Output/Debug/Obj/gpiote_pca10056/system_nrf52840.o
 .debug_ranges  0x00000cb0       0xf8 Output/Debug/Obj/gpiote_pca10056/nrfx_clock.o
 .debug_ranges  0x00000da8      0x2e0 Output/Debug/Obj/gpiote_pca10056/nrfx_gpiote.o
 .debug_ranges  0x00001088      0x128 Output/Debug/Obj/gpiote_pca10056/nrfx_saadc.o
 .debug_ranges  0x000011b0      0x148 Output/Debug/Obj/gpiote_pca10056/nrfx_timer.o
 .debug_ranges  0x000012f8       0x18 Output/Debug/Obj/gpiote_pca10056/app_error.o
 .debug_ranges  0x00001310       0x10 Output/Debug/Obj/gpiote_pca10056/app_error_weak.o
 .debug_ranges  0x00001320       0x10 Output/Debug/Obj/gpiote_pca10056/nrf_assert.o
 .debug_ranges  0x00001330      0x128 Output/Debug/Obj/gpiote_pca10056/SEGGER_RTT.o
 .debug_ranges  0x00001458       0x50 Output/Debug/Obj/gpiote_pca10056/thumb_crt0.o

.debug_macro    0x00000000    0x19af0
 .debug_macro   0x00000000      0x2a1 Output/Debug/Obj/gpiote_pca10056/main.o
 .debug_macro   0x000002a1      0xb7a Output/Debug/Obj/gpiote_pca10056/main.o
 .debug_macro   0x00000e1b      0x83d Output/Debug/Obj/gpiote_pca10056/main.o
 .debug_macro   0x00001658       0x4c Output/Debug/Obj/gpiote_pca10056/main.o
 .debug_macro   0x000016a4      0x297 Output/Debug/Obj/gpiote_pca10056/main.o
 .debug_macro   0x0000193b      0x64e Output/Debug/Obj/gpiote_pca10056/main.o
 .debug_macro   0x00001f89       0x16 Output/Debug/Obj/gpiote_pca10056/main.o
 .debug_macro   0x00001f9f      0x269 Output/Debug/Obj/gpiote_pca10056/main.o
 .debug_macro   0x00002208       0x22 Output/Debug/Obj/gpiote_pca10056/main.o
 .debug_macro   0x0000222a       0x22 Output/Debug/Obj/gpiote_pca10056/main.o
 .debug_macro   0x0000224c       0x22 Output/Debug/Obj/gpiote_pca10056/main.o
 .debug_macro   0x0000226e       0x3b Output/Debug/Obj/gpiote_pca10056/main.o
 .debug_macro   0x000022a9       0x1c Output/Debug/Obj/gpiote_pca10056/main.o
 .debug_macro   0x000022c5       0x22 Output/Debug/Obj/gpiote_pca10056/main.o
 .debug_macro   0x000022e7       0xfb Output/Debug/Obj/gpiote_pca10056/main.o
 .debug_macro   0x000023e2     0x1011 Output/Debug/Obj/gpiote_pca10056/main.o
 .debug_macro   0x000033f3      0x11f Output/Debug/Obj/gpiote_pca10056/main.o
 .debug_macro   0x00003512      0x410 Output/Debug/Obj/gpiote_pca10056/main.o
 .debug_macro   0x00003922    0x10d6b Output/Debug/Obj/gpiote_pca10056/main.o
 .debug_macro   0x0001468d      0xa65 Output/Debug/Obj/gpiote_pca10056/main.o
 .debug_macro   0x000150f2       0x96 Output/Debug/Obj/gpiote_pca10056/main.o
 .debug_macro   0x00015188       0x40 Output/Debug/Obj/gpiote_pca10056/main.o
 .debug_macro   0x000151c8      0x462 Output/Debug/Obj/gpiote_pca10056/main.o
 .debug_macro   0x0001562a       0x59 Output/Debug/Obj/gpiote_pca10056/main.o
 .debug_macro   0x00015683      0x18b Output/Debug/Obj/gpiote_pca10056/main.o
 .debug_macro   0x0001580e      0x154 Output/Debug/Obj/gpiote_pca10056/main.o
 .debug_macro   0x00015962       0x16 Output/Debug/Obj/gpiote_pca10056/main.o
 .debug_macro   0x00015978      0x16d Output/Debug/Obj/gpiote_pca10056/main.o
 .debug_macro   0x00015ae5      0x7ca Output/Debug/Obj/gpiote_pca10056/main.o
 .debug_macro   0x000162af       0x3f Output/Debug/Obj/gpiote_pca10056/main.o
 .debug_macro   0x000162ee       0x58 Output/Debug/Obj/gpiote_pca10056/main.o
 .debug_macro   0x00016346       0x8e Output/Debug/Obj/gpiote_pca10056/main.o
 .debug_macro   0x000163d4       0xad Output/Debug/Obj/gpiote_pca10056/main.o
 .debug_macro   0x00016481       0x49 Output/Debug/Obj/gpiote_pca10056/main.o
 .debug_macro   0x000164ca       0x8c Output/Debug/Obj/gpiote_pca10056/main.o
 .debug_macro   0x00016556       0x19 Output/Debug/Obj/gpiote_pca10056/main.o
 .debug_macro   0x0001656f       0x1d Output/Debug/Obj/gpiote_pca10056/main.o
 .debug_macro   0x0001658c       0x35 Output/Debug/Obj/gpiote_pca10056/main.o
 .debug_macro   0x000165c1       0x7b Output/Debug/Obj/gpiote_pca10056/main.o
 .debug_macro   0x0001663c       0x64 Output/Debug/Obj/gpiote_pca10056/main.o
 .debug_macro   0x000166a0       0x20 Output/Debug/Obj/gpiote_pca10056/main.o
 .debug_macro   0x000166c0       0x1c Output/Debug/Obj/gpiote_pca10056/main.o
 .debug_macro   0x000166dc       0x10 Output/Debug/Obj/gpiote_pca10056/main.o
 .debug_macro   0x000166ec       0x10 Output/Debug/Obj/gpiote_pca10056/main.o
 .debug_macro   0x000166fc       0x22 Output/Debug/Obj/gpiote_pca10056/main.o
 .debug_macro   0x0001671e       0x94 Output/Debug/Obj/gpiote_pca10056/main.o
 .debug_macro   0x000167b2       0x49 Output/Debug/Obj/gpiote_pca10056/main.o
 .debug_macro   0x000167fb       0x35 Output/Debug/Obj/gpiote_pca10056/main.o
 .debug_macro   0x00016830       0x22 Output/Debug/Obj/gpiote_pca10056/main.o
 .debug_macro   0x00016852       0x22 Output/Debug/Obj/gpiote_pca10056/main.o
 .debug_macro   0x00016874      0x138 Output/Debug/Obj/gpiote_pca10056/main.o
 .debug_macro   0x000169ac      0x145 Output/Debug/Obj/gpiote_pca10056/system_nrf52840.o
 .debug_macro   0x00016af1      0x44e Output/Debug/Obj/gpiote_pca10056/system_nrf52840.o
 .debug_macro   0x00016f3f      0xa28 Output/Debug/Obj/gpiote_pca10056/system_nrf52840.o
 .debug_macro   0x00017967      0x520 Output/Debug/Obj/gpiote_pca10056/system_nrf52840.o
 .debug_macro   0x00017e87      0x164 Output/Debug/Obj/gpiote_pca10056/system_nrf52840.o
 .debug_macro   0x00017feb       0x10 Output/Debug/Obj/gpiote_pca10056/system_nrf52840.o
 .debug_macro   0x00017ffb      0x2de Output/Debug/Obj/gpiote_pca10056/nrfx_clock.o
 .debug_macro   0x000182d9       0x16 Output/Debug/Obj/gpiote_pca10056/nrfx_clock.o
 .debug_macro   0x000182ef       0x10 Output/Debug/Obj/gpiote_pca10056/nrfx_clock.o
 .debug_macro   0x000182ff       0x1c Output/Debug/Obj/gpiote_pca10056/nrfx_clock.o
 .debug_macro   0x0001831b       0x22 Output/Debug/Obj/gpiote_pca10056/nrfx_clock.o
 .debug_macro   0x0001833d       0x5b Output/Debug/Obj/gpiote_pca10056/nrfx_clock.o
 .debug_macro   0x00018398       0x37 Output/Debug/Obj/gpiote_pca10056/nrfx_clock.o
 .debug_macro   0x000183cf       0x10 Output/Debug/Obj/gpiote_pca10056/nrfx_clock.o
 .debug_macro   0x000183df       0x55 Output/Debug/Obj/gpiote_pca10056/nrfx_clock.o
 .debug_macro   0x00018434      0x179 Output/Debug/Obj/gpiote_pca10056/nrfx_clock.o
 .debug_macro   0x000185ad       0x9a Output/Debug/Obj/gpiote_pca10056/nrfx_clock.o
 .debug_macro   0x00018647       0x42 Output/Debug/Obj/gpiote_pca10056/nrfx_clock.o
 .debug_macro   0x00018689      0x31c Output/Debug/Obj/gpiote_pca10056/nrfx_gpiote.o
 .debug_macro   0x000189a5       0x17 Output/Debug/Obj/gpiote_pca10056/nrfx_gpiote.o
 .debug_macro   0x000189bc       0x22 Output/Debug/Obj/gpiote_pca10056/nrfx_gpiote.o
 .debug_macro   0x000189de       0x45 Output/Debug/Obj/gpiote_pca10056/nrfx_gpiote.o
 .debug_macro   0x00018a23       0x16 Output/Debug/Obj/gpiote_pca10056/nrfx_gpiote.o
 .debug_macro   0x00018a39      0x2f2 Output/Debug/Obj/gpiote_pca10056/nrfx_saadc.o
 .debug_macro   0x00018d2b      0x2d6 Output/Debug/Obj/gpiote_pca10056/nrfx_timer.o
 .debug_macro   0x00019001       0x22 Output/Debug/Obj/gpiote_pca10056/nrfx_timer.o
 .debug_macro   0x00019023       0x10 Output/Debug/Obj/gpiote_pca10056/nrfx_timer.o
 .debug_macro   0x00019033      0x12a Output/Debug/Obj/gpiote_pca10056/app_error.o
 .debug_macro   0x0001915d       0x64 Output/Debug/Obj/gpiote_pca10056/app_error.o
 .debug_macro   0x000191c1      0x229 Output/Debug/Obj/gpiote_pca10056/app_error_weak.o
 .debug_macro   0x000193ea       0x31 Output/Debug/Obj/gpiote_pca10056/app_error_weak.o
 .debug_macro   0x0001941b       0x16 Output/Debug/Obj/gpiote_pca10056/app_error_weak.o
 .debug_macro   0x00019431      0x17f Output/Debug/Obj/gpiote_pca10056/app_error_weak.o
 .debug_macro   0x000195b0       0x28 Output/Debug/Obj/gpiote_pca10056/app_error_weak.o
 .debug_macro   0x000195d8       0x23 Output/Debug/Obj/gpiote_pca10056/app_error_weak.o
 .debug_macro   0x000195fb       0x1c Output/Debug/Obj/gpiote_pca10056/app_error_weak.o
 .debug_macro   0x00019617      0x139 Output/Debug/Obj/gpiote_pca10056/nrf_assert.o
 .debug_macro   0x00019750       0x10 Output/Debug/Obj/gpiote_pca10056/nrf_assert.o
 .debug_macro   0x00019760       0xed Output/Debug/Obj/gpiote_pca10056/SEGGER_RTT.o
 .debug_macro   0x0001984d       0x34 Output/Debug/Obj/gpiote_pca10056/SEGGER_RTT.o
 .debug_macro   0x00019881      0x26f Output/Debug/Obj/gpiote_pca10056/SEGGER_RTT.o

.debug_line     0x00000000     0xa4ed
 .debug_line    0x00000000      0x9f3 Output/Debug/Obj/gpiote_pca10056/main.o
 .debug_line    0x000009f3       0xad Output/Debug/Obj/gpiote_pca10056/ses_startup_nrf52840.o
 .debug_line    0x00000aa0       0xcc Output/Debug/Obj/gpiote_pca10056/ses_startup_nrf_common.o
 .debug_line    0x00000b6c     0x3b54 Output/Debug/Obj/gpiote_pca10056/system_nrf52840.o
 .debug_line    0x000046c0      0xbb1 Output/Debug/Obj/gpiote_pca10056/nrfx_clock.o
 .debug_line    0x00005271     0x1953 Output/Debug/Obj/gpiote_pca10056/nrfx_gpiote.o
 .debug_line    0x00006bc4     0x110f Output/Debug/Obj/gpiote_pca10056/nrfx_saadc.o
 .debug_line    0x00007cd3      0xe5a Output/Debug/Obj/gpiote_pca10056/nrfx_timer.o
 .debug_line    0x00008b2d      0x3b9 Output/Debug/Obj/gpiote_pca10056/app_error.o
 .debug_line    0x00008ee6      0x5d0 Output/Debug/Obj/gpiote_pca10056/app_error_weak.o
 .debug_line    0x000094b6      0x33d Output/Debug/Obj/gpiote_pca10056/nrf_assert.o
 .debug_line    0x000097f3      0xb6a Output/Debug/Obj/gpiote_pca10056/SEGGER_RTT.o
 .debug_line    0x0000a35d      0x190 Output/Debug/Obj/gpiote_pca10056/thumb_crt0.o

.debug_str      0x00000000    0x9a662
 .debug_str     0x00000000    0x9a662 Output/Debug/Obj/gpiote_pca10056/main.o
                              0x89bf2 (size before relaxing)
 .debug_str     0x0009a662       0xf2 Output/Debug/Obj/gpiote_pca10056/ses_startup_nrf52840.o
 .debug_str     0x0009a662       0xf4 Output/Debug/Obj/gpiote_pca10056/ses_startup_nrf_common.o
 .debug_str     0x0009a662    0x83faa Output/Debug/Obj/gpiote_pca10056/system_nrf52840.o
 .debug_str     0x0009a662    0x8b540 Output/Debug/Obj/gpiote_pca10056/nrfx_clock.o
 .debug_str     0x0009a662    0x8c8fd Output/Debug/Obj/gpiote_pca10056/nrfx_gpiote.o
 .debug_str     0x0009a662    0x8c5d2 Output/Debug/Obj/gpiote_pca10056/nrfx_saadc.o
 .debug_str     0x0009a662    0x8bdd5 Output/Debug/Obj/gpiote_pca10056/nrfx_timer.o
 .debug_str     0x0009a662    0x7aa69 Output/Debug/Obj/gpiote_pca10056/app_error.o
 .debug_str     0x0009a662    0x87a96 Output/Debug/Obj/gpiote_pca10056/app_error_weak.o
 .debug_str     0x0009a662    0x7aa7d Output/Debug/Obj/gpiote_pca10056/nrf_assert.o
 .debug_str     0x0009a662     0x8f01 Output/Debug/Obj/gpiote_pca10056/SEGGER_RTT.o
 .debug_str     0x0009a662       0xcb Output/Debug/Obj/gpiote_pca10056/thumb_crt0.o

.comment        0x00000000       0x7a
 .comment       0x00000000       0x7a Output/Debug/Obj/gpiote_pca10056/main.o
                                 0x3e (size before relaxing)
 .comment       0x0000007a       0x3e Output/Debug/Obj/gpiote_pca10056/system_nrf52840.o
 .comment       0x0000007a       0x3e Output/Debug/Obj/gpiote_pca10056/nrfx_clock.o
 .comment       0x0000007a       0x3e Output/Debug/Obj/gpiote_pca10056/nrfx_gpiote.o
 .comment       0x0000007a       0x3e Output/Debug/Obj/gpiote_pca10056/nrfx_saadc.o
 .comment       0x0000007a       0x3e Output/Debug/Obj/gpiote_pca10056/nrfx_timer.o
 .comment       0x0000007a       0x3e Output/Debug/Obj/gpiote_pca10056/app_error.o
 .comment       0x0000007a       0x3e Output/Debug/Obj/gpiote_pca10056/app_error_weak.o
 .comment       0x0000007a       0x3e Output/Debug/Obj/gpiote_pca10056/nrf_assert.o
 .comment       0x0000007a       0x3e Output/Debug/Obj/gpiote_pca10056/SEGGER_RTT.o
 .comment       0x0000007a       0x3e C:/Program Files/SEGGER/SEGGER Embedded Studio 8.24/lib/libc_v7em_fpv4_sp_d16_hard_t_le_eabi_balanced.a(prinops.o)
 .comment       0x0000007a       0x3e C:/Program Files/SEGGER/SEGGER Embedded Studio 8.24/lib/libc_v7em_fpv4_sp_d16_hard_t_le_eabi_balanced.a(__SEGGER_RTL_vfprintf_long.o)
 .comment       0x0000007a       0x3e C:/Program Files/SEGGER/SEGGER Embedded Studio 8.24/lib/heapops_basic_v7em_fpv4_sp_d16_hard_t_le_eabi_balanced.a(heapops_basic.o)
 .comment       0x0000007a       0x3e C:/Program Files/SEGGER/SEGGER Embedded Studio 8.24/lib/strops_unaligned_v7em_fpv4_sp_d16_hard_t_le_eabi_balanced.a(strops.o)
 .comment       0x0000007a       0x3e C:/Program Files/SEGGER/SEGGER Embedded Studio 8.24/lib/mbops_timeops_v7em_fpv4_sp_d16_hard_t_le_eabi_balanced.a(mbops.o)

.ARM.attributes
                0x00000000       0x38
 .ARM.attributes
                0x00000000       0x36 Output/Debug/Obj/gpiote_pca10056/main.o
 .ARM.attributes
                0x00000036       0x20 Output/Debug/Obj/gpiote_pca10056/ses_startup_nrf52840.o
 .ARM.attributes
                0x00000056       0x20 Output/Debug/Obj/gpiote_pca10056/ses_startup_nrf_common.o
 .ARM.attributes
                0x00000076       0x36 Output/Debug/Obj/gpiote_pca10056/system_nrf52840.o
 .ARM.attributes
                0x000000ac       0x36 Output/Debug/Obj/gpiote_pca10056/nrfx_clock.o
 .ARM.attributes
                0x000000e2       0x36 Output/Debug/Obj/gpiote_pca10056/nrfx_gpiote.o
 .ARM.attributes
                0x00000118       0x36 Output/Debug/Obj/gpiote_pca10056/nrfx_saadc.o
 .ARM.attributes
                0x0000014e       0x36 Output/Debug/Obj/gpiote_pca10056/nrfx_timer.o
 .ARM.attributes
                0x00000184       0x36 Output/Debug/Obj/gpiote_pca10056/app_error.o
 .ARM.attributes
                0x000001ba       0x36 Output/Debug/Obj/gpiote_pca10056/app_error_weak.o
 .ARM.attributes
                0x000001f0       0x36 Output/Debug/Obj/gpiote_pca10056/nrf_assert.o
 .ARM.attributes
                0x00000226       0x36 Output/Debug/Obj/gpiote_pca10056/SEGGER_RTT.o
 .ARM.attributes
                0x0000025c       0x20 Output/Debug/Obj/gpiote_pca10056/thumb_crt0.o
 .ARM.attributes
                0x0000027c       0x3e C:/Program Files/SEGGER/SEGGER Embedded Studio 8.24/lib/libc_v7em_fpv4_sp_d16_hard_t_le_eabi_balanced.a(prinops.o)
 .ARM.attributes
                0x000002ba       0x3e C:/Program Files/SEGGER/SEGGER Embedded Studio 8.24/lib/libc_v7em_fpv4_sp_d16_hard_t_le_eabi_balanced.a(__SEGGER_RTL_vfprintf_long.o)
 .ARM.attributes
                0x000002f8       0x20 C:/Program Files/SEGGER/SEGGER Embedded Studio 8.24/lib/libc_v7em_fpv4_sp_d16_hard_t_le_eabi_balanced.a(intasmops_arm.o)
 .ARM.attributes
                0x00000318       0x3e C:/Program Files/SEGGER/SEGGER Embedded Studio 8.24/lib/heapops_basic_v7em_fpv4_sp_d16_hard_t_le_eabi_balanced.a(heapops_basic.o)
 .ARM.attributes
                0x00000356       0x3e C:/Program Files/SEGGER/SEGGER Embedded Studio 8.24/lib/strops_unaligned_v7em_fpv4_sp_d16_hard_t_le_eabi_balanced.a(strops.o)
 .ARM.attributes
                0x00000394       0x20 C:/Program Files/SEGGER/SEGGER Embedded Studio 8.24/lib/strops_unaligned_v7em_fpv4_sp_d16_hard_t_le_eabi_balanced.a(strasmops_arm.o)
 .ARM.attributes
                0x000003b4       0x3e C:/Program Files/SEGGER/SEGGER Embedded Studio 8.24/lib/mbops_timeops_v7em_fpv4_sp_d16_hard_t_le_eabi_balanced.a(mbops.o)

.note.GNU-stack
                0x00000000        0x0
 .note.GNU-stack
                0x00000000        0x0 C:/Program Files/SEGGER/SEGGER Embedded Studio 8.24/lib/libc_v7em_fpv4_sp_d16_hard_t_le_eabi_balanced.a(prinops.o)
 .note.GNU-stack
                0x00000000        0x0 C:/Program Files/SEGGER/SEGGER Embedded Studio 8.24/lib/libc_v7em_fpv4_sp_d16_hard_t_le_eabi_balanced.a(__SEGGER_RTL_vfprintf_long.o)
 .note.GNU-stack
                0x00000000        0x0 C:/Program Files/SEGGER/SEGGER Embedded Studio 8.24/lib/heapops_basic_v7em_fpv4_sp_d16_hard_t_le_eabi_balanced.a(heapops_basic.o)
 .note.GNU-stack
                0x00000000        0x0 C:/Program Files/SEGGER/SEGGER Embedded Studio 8.24/lib/strops_unaligned_v7em_fpv4_sp_d16_hard_t_le_eabi_balanced.a(strops.o)
 .note.GNU-stack
                0x00000000        0x0 C:/Program Files/SEGGER/SEGGER Embedded Studio 8.24/lib/mbops_timeops_v7em_fpv4_sp_d16_hard_t_le_eabi_balanced.a(mbops.o)

.debug_frame    0x00000000     0x35f8
 .debug_frame   0x00000000      0x1d8 Output/Debug/Obj/gpiote_pca10056/main.o
 .debug_frame   0x000001d8     0x1ba4 Output/Debug/Obj/gpiote_pca10056/system_nrf52840.o
 .debug_frame   0x00001d7c      0x2dc Output/Debug/Obj/gpiote_pca10056/nrfx_clock.o
 .debug_frame   0x00002058      0x958 Output/Debug/Obj/gpiote_pca10056/nrfx_gpiote.o
 .debug_frame   0x000029b0      0x398 Output/Debug/Obj/gpiote_pca10056/nrfx_saadc.o
 .debug_frame   0x00002d48      0x42c Output/Debug/Obj/gpiote_pca10056/nrfx_timer.o
 .debug_frame   0x00003174       0x44 Output/Debug/Obj/gpiote_pca10056/app_error.o
 .debug_frame   0x000031b8       0x2c Output/Debug/Obj/gpiote_pca10056/app_error_weak.o
 .debug_frame   0x000031e4       0x2c Output/Debug/Obj/gpiote_pca10056/nrf_assert.o
 .debug_frame   0x00003210      0x3e8 Output/Debug/Obj/gpiote_pca10056/SEGGER_RTT.o
